<html>
<body>
<pre>
<h1>礦ision Build Log</h1>
<h2>Tool Versions:</h2>
IDE-Version: μVision V5.17.0.0
Copyright (C) 2015 ARM Ltd and ARM Germany GmbH. All rights reserved.
License Information: Yuan Infinite, InfiniteYuan, LIC=WHY12-98B8Q-JHT8C-7RX4U-BNK0Z-D6AW8
 
Tool Versions:
Toolchain:       MDK-ARM Standard  Version: 5.17
Toolchain Path:  B:\Keil_v5\ARM\ARMCC\Bin
C Compiler:      Armcc.exe V5.06 update 1 (build 61)
Assembler:       Armasm.exe V5.06 update 1 (build 61)
Linker/Locator:  ArmLink.exe V5.06 update 1 (build 61)
Library Manager: ArmAr.exe V5.06 update 1 (build 61)
Hex Converter:   FromElf.exe V5.06 update 1 (build 61)
CPU DLL:         SARMCM3.DLL V5.17
Dialog DLL:      DCM.DLL V1.13.4.0
Target DLL:      STLink\ST-LINKIII-KEIL_SWO.dll V2.0.18.0
Dialog DLL:      TCM.DLL V1.14.6.0
 
<h2>Project:</h2>
D:\Study\实验室\无人机飞控\工作区\test1(姿态解算)\FourAxisByStm32.uvprojx
Project File Date:  11/29/2016

<h2>Output:</h2>
*** Using Compiler 'V5.06 update 1 (build 61)', folder: 'B:\Keil_v5\ARM\ARMCC\Bin'
Build target 'Target 1'
compiling CRC.cpp...
compiling stm32f10x_dma.c...
compiling stm32f10x_exti.c...
compiling misc.c...
compiling Moto_PWM.cpp...
compiling Communication.cpp...
compiling main.cpp...
main.cpp(47): warning:  #177-D: variable "Send_data" was declared but never referenced
  	double Send_data = 0; //发????  100ms
main.cpp: 1 warning, 0 errors
compiling Control.cpp...
Lib\Control.cpp(155): warning:  #117-D: non-void function "Control::CtrlAttiRate" should return a value
  		return ;
Lib\Control.cpp(379): warning:  #117-D: non-void function "Control::TestControl" should return a value
  		return ;
Lib\Control.cpp(352): warning:  #177-D: variable "g_PID_Yaw_Kp" was declared but never referenced
  static float g_PID_Yaw_Kp = 8.0f;		// YAW碌楼露脌碌脛P虏脦脢媒	
Lib\Control.cpp: 3 warnings, 0 errors
compiling stm32f10x_gpio.c...
compiling stm32f10x_i2c.c...
compiling stm32f10x_flash.c...
compiling stm32f10x_rcc.c...
compiling stm32f10x_spi.c...
compiling stm32f10x_usart.c...
assembling startup_stm32f10x_md.s...
compiling stm32f10x_tim.c...
compiling system_stm32f10x.c...
linking...
Program Size: Code=29690 RO-data=342 RW-data=200 ZI-data=4152  
FromELF: creating hex file...
".\Objects\FourAxisByStm32.axf" - 0 Error(s), 4 Warning(s).

<h2>Software Packages used:</h2>

Package Vendor: ARM
                http://www.keil.com/pack/ARM.CMSIS.4.5.0.pack
                ARM::CMSIS:CORE:4.3.0
                CMSIS (Cortex Microcontroller Software Interface Standard)
   * Component: CORE Version: 4.3.0

Package Vendor: Keil
                http://www.keil.com/pack/Keil.STM32F1xx_DFP.2.0.0.pack
                Keil::Device:StdPeriph Drivers:RCC:3.5.0
                STMicroelectronics STM32F1 Series Device Support, Drivers and Examples
   * Component: RCC Version: 3.5.0
   * Component: USART Version: 3.5.0
   * Component: TIM Version: 3.5.0
   * Component: SPI Version: 3.5.0
   * Component: Startup Version: 1.0.0
   * Component: Framework Version: 3.5.1
   * Component: Flash Version: 3.5.0
   * Component: I2C Version: 3.5.0
   * Component: GPIO Version: 3.5.0
   * Component: DMA Version: 3.5.0
   * Component: EXTI Version: 3.5.0

<h2>Collection of Component include folders:</h2>
  D:\Study\实验室\无人机飞控\工作区\test1(姿态解算)\RTE
  D:\Study\实验室\无人机飞控\工作区\test1(姿态解算)\RTE\Device\STM32F103C8
  B:\Keil_v5\ARM\PACK\ARM\CMSIS\4.5.0\CMSIS\Include
  B:\Keil_v5\ARM\PACK\Keil\STM32F1xx_DFP\2.0.0\Device\Include
  B:\Keil_v5\ARM\PACK\Keil\STM32F1xx_DFP\2.0.0\Device\StdPeriph_Driver\inc

<h2>Collection of Component Files used:</h2>

   * Component: ARM::CMSIS:CORE:4.3.0

   * Component: Keil::Device:StdPeriph Drivers:RCC:3.5.0
      Include file:  Device\StdPeriph_Driver\inc\stm32f10x_rcc.h
      Source file:   Device\StdPeriph_Driver\src\stm32f10x_rcc.c

   * Component: Keil::Device:StdPeriph Drivers:USART:3.5.0
      Include file:  Device\StdPeriph_Driver\inc\stm32f10x_usart.h
      Source file:   Device\StdPeriph_Driver\src\stm32f10x_usart.c

   * Component: Keil::Device:StdPeriph Drivers:TIM:3.5.0
      Source file:   Device\StdPeriph_Driver\src\stm32f10x_tim.c
      Include file:  Device\StdPeriph_Driver\inc\stm32f10x_tim.h

   * Component: Keil::Device:StdPeriph Drivers:SPI:3.5.0
      Include file:  Device\StdPeriph_Driver\inc\stm32f10x_spi.h
      Source file:   Device\StdPeriph_Driver\src\stm32f10x_spi.c

   * Component: Keil::Device:Startup:1.0.0
      Source file:   Device\Source\ARM\STM32F1xx_OPT.s
      Source file:   Device\Source\ARM\startup_stm32f10x_md.s
      Source file:   Device\Source\system_stm32f10x.c
      Include file:  RTE_Driver\Config\RTE_Device.h

   * Component: Keil::Device:StdPeriph Drivers:Framework:3.5.1
      Include file:  Device\StdPeriph_Driver\inc\misc.h
      Source file:   Device\StdPeriph_Driver\templates\stm32f10x_it.c
      Source file:   Device\StdPeriph_Driver\src\misc.c
      Include file:  Device\StdPeriph_Driver\templates\stm32f10x_it.h
      Source file:   Device\StdPeriph_Driver\templates\stm32f10x_conf.h

   * Component: Keil::Device:StdPeriph Drivers:Flash:3.5.0
      Source file:   Device\StdPeriph_Driver\src\stm32f10x_flash.c
      Include file:  Device\StdPeriph_Driver\inc\stm32f10x_flash.h

   * Component: Keil::Device:StdPeriph Drivers:I2C:3.5.0
      Include file:  Device\StdPeriph_Driver\inc\stm32f10x_i2c.h
      Source file:   Device\StdPeriph_Driver\src\stm32f10x_i2c.c

   * Component: Keil::Device:StdPeriph Drivers:GPIO:3.5.0
      Source file:   Device\StdPeriph_Driver\src\stm32f10x_gpio.c
      Include file:  Device\StdPeriph_Driver\inc\stm32f10x_gpio.h

   * Component: Keil::Device:StdPeriph Drivers:DMA:3.5.0
      Source file:   Device\StdPeriph_Driver\src\stm32f10x_dma.c
      Include file:  Device\StdPeriph_Driver\inc\stm32f10x_dma.h

   * Component: Keil::Device:StdPeriph Drivers:EXTI:3.5.0
      Include file:  Device\StdPeriph_Driver\inc\stm32f10x_exti.h
      Source file:   Device\StdPeriph_Driver\src\stm32f10x_exti.c
Build Time Elapsed:  00:00:03
</pre>
</body>
</html>
