Component: ARM Compiler 5.06 update 1 (build 61) Tool: armlink [4d35a8]

==============================================================================

Section Cross References

    delay.o(.ARM.exidx) refers to delay.o(i._ZN5Delay2MsEt) for i._ZN5Delay2MsEt
    delay.o(.ARM.exidx) refers to delay.o(i._ZN5Delay2UsEj) for i._ZN5Delay2UsEj
    delay.o(.ARM.exidx) refers to delay.o(i._ZN5Delay1SEj) for i._ZN5Delay1SEj
    f103_pwm.o(i._ZN3PWM10InitializeEP11TIM_TypeDefbbbbth) refers to stm32f10x_gpio.o(i.GPIO_PinRemapConfig) for GPIO_PinRemapConfig
    f103_pwm.o(i._ZN3PWM10InitializeEP11TIM_TypeDefbbbbth) refers to stm32f10x_rcc.o(i.RCC_APB2PeriphClockCmd) for RCC_APB2PeriphClockCmd
    f103_pwm.o(i._ZN3PWM10InitializeEP11TIM_TypeDefbbbbth) refers to stm32f10x_rcc.o(i.RCC_APB1PeriphClockCmd) for RCC_APB1PeriphClockCmd
    f103_pwm.o(i._ZN3PWM10InitializeEP11TIM_TypeDefbbbbth) refers to stm32f10x_gpio.o(i.GPIO_Init) for GPIO_Init
    f103_pwm.o(i._ZN3PWM10InitializeEP11TIM_TypeDefbbbbth) refers to stm32f10x_tim.o(i.TIM_TimeBaseInit) for TIM_TimeBaseInit
    f103_pwm.o(i._ZN3PWM10InitializeEP11TIM_TypeDefbbbbth) refers to stm32f10x_tim.o(i.TIM_OC1Init) for TIM_OC1Init
    f103_pwm.o(i._ZN3PWM10InitializeEP11TIM_TypeDefbbbbth) refers to stm32f10x_tim.o(i.TIM_OC2Init) for TIM_OC2Init
    f103_pwm.o(i._ZN3PWM10InitializeEP11TIM_TypeDefbbbbth) refers to stm32f10x_tim.o(i.TIM_OC3Init) for TIM_OC3Init
    f103_pwm.o(i._ZN3PWM10InitializeEP11TIM_TypeDefbbbbth) refers to stm32f10x_tim.o(i.TIM_OC4Init) for TIM_OC4Init
    f103_pwm.o(i._ZN3PWM10InitializeEP11TIM_TypeDefbbbbth) refers to stm32f10x_tim.o(i.TIM_OC1PreloadConfig) for TIM_OC1PreloadConfig
    f103_pwm.o(i._ZN3PWM10InitializeEP11TIM_TypeDefbbbbth) refers to stm32f10x_tim.o(i.TIM_OC2PreloadConfig) for TIM_OC2PreloadConfig
    f103_pwm.o(i._ZN3PWM10InitializeEP11TIM_TypeDefbbbbth) refers to stm32f10x_tim.o(i.TIM_OC3PreloadConfig) for TIM_OC3PreloadConfig
    f103_pwm.o(i._ZN3PWM10InitializeEP11TIM_TypeDefbbbbth) refers to stm32f10x_tim.o(i.TIM_OC4PreloadConfig) for TIM_OC4PreloadConfig
    f103_pwm.o(i._ZN3PWM10InitializeEP11TIM_TypeDefbbbbth) refers to stm32f10x_tim.o(i.TIM_Cmd) for TIM_Cmd
    f103_pwm.o(i._ZN3PWM7SetDutyEffff) refers to ffltui.o(.text) for __aeabi_ui2f
    f103_pwm.o(i._ZN3PWM7SetDutyEffff) refers to fmul.o(.text) for __aeabi_fmul
    f103_pwm.o(i._ZN3PWM7SetDutyEffff) refers to fdiv.o(.text) for __aeabi_fdiv
    f103_pwm.o(i._ZN3PWM7SetDutyEffff) refers to ffixui.o(.text) for __aeabi_f2uiz
    f103_pwm.o(i._ZN3PWM7SetDutyEhf) refers to ffltui.o(.text) for __aeabi_ui2f
    f103_pwm.o(i._ZN3PWM7SetDutyEhf) refers to fmul.o(.text) for __aeabi_fmul
    f103_pwm.o(i._ZN3PWM7SetDutyEhf) refers to fdiv.o(.text) for __aeabi_fdiv
    f103_pwm.o(i._ZN3PWM7SetDutyEhf) refers to ffixui.o(.text) for __aeabi_f2uiz
    f103_pwm.o(i._ZN3PWMC1EP11TIM_TypeDefbbbbth) refers to f103_pwm.o(i._ZN3PWM10InitializeEP11TIM_TypeDefbbbbth) for PWM::Initialize(TIM_TypeDef*, bool, bool, bool, bool, unsigned short, unsigned char)
    f103_pwm.o(.ARM.exidx) refers to f103_pwm.o(i._ZN3PWM10InitializeEP11TIM_TypeDefbbbbth) for i._ZN3PWM10InitializeEP11TIM_TypeDefbbbbth
    f103_pwm.o(.ARM.exidx) refers to f103_pwm.o(i._ZN3PWMC1EP11TIM_TypeDefbbbbth) for i._ZN3PWMC1EP11TIM_TypeDefbbbbth
    f103_pwm.o(.ARM.exidx) refers to f103_pwm.o(i._ZN3PWM7SetDutyEffff) for i._ZN3PWM7SetDutyEffff
    f103_pwm.o(.ARM.exidx) refers to f103_pwm.o(i._ZN3PWM7SetDutyEhf) for i._ZN3PWM7SetDutyEhf
    gpio.o(i._ZN4GPIO10ChangeModeE16GPIOMode_TypeDef) refers to stm32f10x_gpio.o(i.GPIO_Init) for GPIO_Init
    gpio.o(i._ZN4GPIO10ChangeModeE16GPIOMode_TypeDef) refers to gpio.o(.constdata) for GPIO::mPin
    gpio.o(i._ZN4GPIO17RCC_ConfigurationEv) refers to stm32f10x_rcc.o(i.RCC_APB2PeriphClockCmd) for RCC_APB2PeriphClockCmd
    gpio.o(i._ZN4GPIO6ToggleEv) refers to stm32f10x_gpio.o(i.GPIO_ReadInputDataBit) for GPIO_ReadInputDataBit
    gpio.o(i._ZN4GPIO6ToggleEv) refers to stm32f10x_gpio.o(i.GPIO_ResetBits) for GPIO_ResetBits
    gpio.o(i._ZN4GPIO6ToggleEv) refers to stm32f10x_gpio.o(i.GPIO_SetBits) for GPIO_SetBits
    gpio.o(i._ZN4GPIO6ToggleEv) refers to gpio.o(.constdata) for GPIO::mPin
    gpio.o(i._ZN4GPIO8GetLevelEv) refers to stm32f10x_gpio.o(i.GPIO_ReadInputDataBit) for GPIO_ReadInputDataBit
    gpio.o(i._ZN4GPIO8GetLevelEv) refers to gpio.o(.constdata) for GPIO::mPin
    gpio.o(i._ZN4GPIO8SetLevelEh) refers to stm32f10x_gpio.o(i.GPIO_SetBits) for GPIO_SetBits
    gpio.o(i._ZN4GPIO8SetLevelEh) refers to stm32f10x_gpio.o(i.GPIO_ResetBits) for GPIO_ResetBits
    gpio.o(i._ZN4GPIO8SetLevelEh) refers to gpio.o(.constdata) for GPIO::mPin
    gpio.o(i._ZN4GPIOC1EP12GPIO_TypeDeft16GPIOMode_TypeDef17GPIOSpeed_TypeDef) refers to gpio.o(i._ZN4GPIO17RCC_ConfigurationEv) for GPIO::RCC_Configuration()
    gpio.o(i._ZN4GPIOC1EP12GPIO_TypeDeft16GPIOMode_TypeDef17GPIOSpeed_TypeDef) refers to stm32f10x_gpio.o(i.GPIO_Init) for GPIO_Init
[...]
    __sti___15_TaskManager_cpp_tskmgr        0x080065cd   Thumb Code    10  taskmanager.o(i.__sti___15_TaskManager_cpp_tskmgr)
    i.__sti___8_main_cpp_iic                 0x080065dc   Section        0  main.o(i.__sti___8_main_cpp_iic)
    __sti___8_main_cpp_iic                   0x080065dd   Thumb Code   302  main.o(i.__sti___8_main_cpp_iic)
    i.asinf                                  0x08006770   Section        0  asinf.o(i.asinf)
    i.atan2f                                 0x08006894   Section        0  atan2f.o(i.atan2f)
    i.cosf                                   0x08006af0   Section        0  cosf.o(i.cosf)
    i.free                                   0x08006c6c   Section        0  malloc.o(i.free)
    i.main                                   0x08006cbc   Section        0  main.o(i.main)
    i.malloc                                 0x08006f58   Section        0  malloc.o(i.malloc)
    i.sinf                                   0x08006fc4   Section        0  sinf.o(i.sinf)
    i.sqrtf                                  0x0800714c   Section        0  sqrtf.o(i.sqrtf)
    t._ZN10FIFOBufferI18I2C_Command_StructLt40EE3GetERS0_ 0x08007178   Section        0  i2c.o(t._ZN10FIFOBufferI18I2C_Command_StructLt40EE3GetERS0_)
    t._ZN10FIFOBufferI18I2C_Command_StructLt40EE3PutERKS0_ 0x080071c4   Section        0  i2c.o(t._ZN10FIFOBufferI18I2C_Command_StructLt40EE3PutERKS0_)
    t._ZN10FIFOBufferI18I2C_Command_StructLt40EE4SizeEv 0x08007214   Section        0  i2c.o(t._ZN10FIFOBufferI18I2C_Command_StructLt40EE4SizeEv)
    t._ZN10FIFOBufferI18I2C_Command_StructLt40EE5ClearEv 0x0800721c   Section        0  i2c.o(t._ZN10FIFOBufferI18I2C_Command_StructLt40EE5ClearEv)
    t._ZN10FIFOBufferI18I2C_Command_StructLt40EEC1Ev 0x0800722c   Section        0  i2c.o(t._ZN10FIFOBufferI18I2C_Command_StructLt40EEC1Ev)
    t._ZN10FIFOBufferIhLt128EE3GetERh        0x08007242   Section        0  usart.o(t._ZN10FIFOBufferIhLt128EE3GetERh)
    t._ZN10FIFOBufferIhLt128EE3PutERKh       0x08007280   Section        0  usart.o(t._ZN10FIFOBufferIhLt128EE3PutERKh)
    t._ZN10FIFOBufferIhLt128EE4GetsEPht      0x080072c4   Section        0  usart.o(t._ZN10FIFOBufferIhLt128EE4GetsEPht)
    t._ZN10FIFOBufferIhLt128EE4PutsEPht      0x08007310   Section        0  usart.o(t._ZN10FIFOBufferIhLt128EE4PutsEPht)
    t._ZN10FIFOBufferIhLt128EE4SizeEv        0x08007362   Section        0  usart.o(t._ZN10FIFOBufferIhLt128EE4SizeEv)
    t._ZN10FIFOBufferIhLt128EEC1Ev           0x0800736a   Section        0  usart.o(t._ZN10FIFOBufferIhLt128EEC1Ev)
    t._ZN10FIFOBufferIhLt64EE3GetERh         0x0800737c   Section        0  spi.o(t._ZN10FIFOBufferIhLt64EE3GetERh)
    t._ZN10FIFOBufferIhLt64EE3PutERKh        0x080073ba   Section        0  spi.o(t._ZN10FIFOBufferIhLt64EE3PutERKh)
    t._ZN10FIFOBufferIhLt64EE4GetsEPht       0x080073fe   Section        0  spi.o(t._ZN10FIFOBufferIhLt64EE4GetsEPht)
    t._ZN10FIFOBufferIhLt64EE4PutsEPht       0x0800744a   Section        0  spi.o(t._ZN10FIFOBufferIhLt64EE4PutsEPht)
    t._ZN10FIFOBufferIhLt64EE4SizeEv         0x0800749c   Section        0  spi.o(t._ZN10FIFOBufferIhLt64EE4SizeEv)
    t._ZN10FIFOBufferIhLt64EE5ClearEv        0x080074a4   Section        0  spi.o(t._ZN10FIFOBufferIhLt64EE5ClearEv)
    t._ZN10FIFOBufferIhLt64EEC1Ev            0x080074b2   Section        0  spi.o(t._ZN10FIFOBufferIhLt64EEC1Ev)
    t._ZN7Vector3IfEC1Ev                     0x080074c4   Section        0  mpu6050.o(t._ZN7Vector3IfEC1Ev)
    t._ZN7Vector3IiEC1Ev                     0x080074ce   Section        0  hmc5883l.o(t._ZN7Vector3IiEC1Ev)
    t._ZN7Vector3IiEaSERKS0_                 0x080074d8   Section        0  mpu6050.o(t._ZN7Vector3IiEaSERKS0_)
    .constdata                               0x080074e6   Section       32  gpio.o(.constdata)
    .constdata                               0x08007508   Section       32  rredf.o(.constdata)
    twooverpi                                0x08007508   Data          32  rredf.o(.constdata)
    .init_array                              0x08007548   Section        4  taskmanager.o(.init_array)
    .init_array                              0x0800754c   Section        4  main.o(.init_array)
    .init_array                              0x08007550   Section        0  cpp_init.o(.init_array)
    .data                                    0x20000000   Section        5  i2c.o(.data)
    I2C_Status                               0x20000000   Data           4  i2c.o(.data)
    timeOut                                  0x20000004   Data           1  i2c.o(.data)
    .data                                    0x20000008   Section       32  interrupt.o(.data)
    .data                                    0x20000028   Section       32  taskmanager.o(.data)
    .data                                    0x20000048   Section        3  usart.o(.data)
    dataToSend                               0x20000048   Data           1  usart.o(.data)
    dataToSend                               0x20000049   Data           1  usart.o(.data)
    dataToSend                               0x2000004a   Data           1  usart.o(.data)
    .data                                    0x2000004b   Section        2  spi.o(.data)
    dataToSend                               0x2000004b   Data           1  spi.o(.data)
    dataToSend                               0x2000004c   Data           1  spi.o(.data)
    .data                                    0x2000004d   Section       10  nrf24l01.o(.data)
    .data                                    0x20000058   Section       26  mpu6050.o(.data)
    _ZGVgyroCalibrate_sum                    0x20000058   Data           4  mpu6050.o(.data)
    oldTime                                  0x20000060   Data           8  mpu6050.o(.data)
    timeNow                                  0x20000068   Data           8  mpu6050.o(.data)
    gyroCalibrateCnt                         0x20000070   Data           2  mpu6050.o(.data)
    .data                                    0x20000074   Section       24  imu.o(.data)
    s_bufferCounterx                         0x20000074   Data           1  imu.o(.data)
    s_totalx                                 0x20000078   Data           4  imu.o(.data)
    s_bufferCountery                         0x2000007c   Data           1  imu.o(.data)
    s_totaly                                 0x20000080   Data           4  imu.o(.data)
    s_bufferCounterz                         0x20000084   Data           1  imu.o(.data)
    s_totalz                                 0x20000088   Data           4  imu.o(.data)
    .data                                    0x2000008c   Section       24  main.o(.data)
    .data                                    0x200000a4   Section       20  stm32f10x_rcc.o(.data)
    APBAHBPrescTable                         0x200000a4   Data          16  stm32f10x_rcc.o(.data)
    ADCPrescTable                            0x200000b4   Data           4  stm32f10x_rcc.o(.data)
    .data                                    0x200000b8   Section        4  errno.o(.data)
    _errno                                   0x200000b8   Data           4  errno.o(.data)
    .data                                    0x200000bc   Section        4  cpp_dtor.o(.data)
    ddtor_pointer                            0x200000bc   Data           4  cpp_dtor.o(.data)
    .data                                    0x200000c0   Section        4  mvars.o(.data)
    .data                                    0x200000c4   Section        4  mvars.o(.data)
    .bss                                     0x200000c8   Section       32  nrf24l01.o(.bss)
    dataToSend                               0x200000c8   Data          32  nrf24l01.o(.bss)
    .bss                                     0x200000e8   Section       12  mpu6050.o(.bss)
    gyroCalibrate_sum                        0x200000e8   Data          12  mpu6050.o(.bss)
    .bss                                     0x200000f4   Section       96  imu.o(.bss)
    s_resulttmpx                             0x200000f4   Data          32  imu.o(.bss)
    s_resulttmpy                             0x20000114   Data          32  imu.o(.bss)
    s_resulttmpz                             0x20000134   Data          32  imu.o(.bss)
    .bss                                     0x20000158   Section     2472  main.o(.bss)
    HEAP                                     0x20000b00   Section      512  startup_stm32f10x_md.o(HEAP)
    STACK                                    0x20000d00   Section     1024  startup_stm32f10x_md.o(STACK)

    Global Symbols

    Symbol Name                              Value     Ov Type        Size  Object(Section)

    BuildAttributes$$THM_ISAv4$P$D$K$B$S$PE$A:L22UL41UL21$X:L11$S22US41US21$IEEE1$IW$USESV6$~STKCKD$USESV7$~SHL$OTIME$ROPI$IEEEX$EBA8$UX$MICROLIB$REQ8$PRES8$EABIv2 0x00000000   Number         0  anon$$obj.o ABSOLUTE
    __ARM_use_no_argv                        0x00000000   Number         0  main.o ABSOLUTE
    __decompress                              - Undefined Weak Reference
    _clock_init                               - Undefined Weak Reference
    _microlib_exit                            - Undefined Weak Reference
    __Vectors_Size                           0x000000ec   Number         0  startup_stm32f10x_md.o ABSOLUTE
    __Vectors                                0x08000000   Data           4  startup_stm32f10x_md.o(RESET)
    __dso_handle                             0x08000000   Number         0  startup_stm32f10x_md.o(RESET)
    __Vectors_End                            0x080000ec   Data           0  startup_stm32f10x_md.o(RESET)
    __main                                   0x080000ed   Thumb Code     0  entry.o(.ARM.Collect$$$$00000000)
    _main_stk                                0x080000ed   Thumb Code     0  entry2.o(.ARM.Collect$$$$00000001)
    _main_scatterload                        0x080000f1   Thumb Code     0  entry5.o(.ARM.Collect$$$$00000004)
    __main_after_scatterload                 0x080000f5   Thumb Code     0  entry5.o(.ARM.Collect$$$$00000004)
    _main_clock                              0x080000f5   Thumb Code     0  entry7b.o(.ARM.Collect$$$$00000008)
    _main_cpp_init$empty                     0x080000f5   Thumb Code     0  entry8a.o(.ARM.Collect$$$$00000009)
    _main_cpp_init                           0x080000f9   Thumb Code     0  entry8b.o(.ARM.Collect$$$$0000000A)
    _main_init                               0x080000f9   Thumb Code     0  entry9a.o(.ARM.Collect$$$$0000000B)
    __rt_final_cpp                           0x08000101   Thumb Code     0  entry10a.o(.ARM.Collect$$$$0000000D)
    __rt_final_cpp$nonempty                  0x08000101   Thumb Code     0  entry10b.o(.ARM.Collect$$$$0000000E)
    __rt_final_exit                          0x08000105   Thumb Code     0  entry11a.o(.ARM.Collect$$$$0000000F)
    Reset_Handler                            0x08000109   Thumb Code     8  startup_stm32f10x_md.o(.text)
    NMI_Handler                              0x08000111   Thumb Code     2  startup_stm32f10x_md.o(.text)
    HardFault_Handler                        0x08000113   Thumb Code     2  startup_stm32f10x_md.o(.text)
    MemManage_Handler                        0x08000115   Thumb Code     2  startup_stm32f10x_md.o(.text)
    BusFault_Handler                         0x08000117   Thumb Code     2  startup_stm32f10x_md.o(.text)
    UsageFault_Handler                       0x08000119   Thumb Code     2  startup_stm32f10x_md.o(.text)
    SVC_Handler                              0x0800011b   Thumb Code     2  startup_stm32f10x_md.o(.text)
    DebugMon_Handler                         0x0800011d   Thumb Code     2  startup_stm32f10x_md.o(.text)
    PendSV_Handler                           0x0800011f   Thumb Code     2  startup_stm32f10x_md.o(.text)
    ADC1_2_IRQHandler                        0x08000123   Thumb Code     0  startup_stm32f10x_md.o(.text)
    CAN1_RX1_IRQHandler                      0x08000123   Thumb Code     0  startup_stm32f10x_md.o(.text)
    CAN1_SCE_IRQHandler                      0x08000123   Thumb Code     0  startup_stm32f10x_md.o(.text)
    DMA1_Channel1_IRQHandler                 0x08000123   Thumb Code     0  startup_stm32f10x_md.o(.text)
    DMA1_Channel3_IRQHandler                 0x08000123   Thumb Code     0  startup_stm32f10x_md.o(.text)
    EXTI0_IRQHandler                         0x08000123   Thumb Code     0  startup_stm32f10x_md.o(.text)
    EXTI15_10_IRQHandler                     0x08000123   Thumb Code     0  startup_stm32f10x_md.o(.text)
    EXTI1_IRQHandler                         0x08000123   Thumb Code     0  startup_stm32f10x_md.o(.text)
    EXTI3_IRQHandler                         0x08000123   Thumb Code     0  startup_stm32f10x_md.o(.text)
    EXTI4_IRQHandler                         0x08000123   Thumb Code     0  startup_stm32f10x_md.o(.text)
    EXTI9_5_IRQHandler                       0x08000123   Thumb Code     0  startup_stm32f10x_md.o(.text)
    FLASH_IRQHandler                         0x08000123   Thumb Code     0  startup_stm32f10x_md.o(.text)
    PVD_IRQHandler                           0x08000123   Thumb Code     0  startup_stm32f10x_md.o(.text)
    RCC_IRQHandler                           0x08000123   Thumb Code     0  startup_stm32f10x_md.o(.text)
    RTCAlarm_IRQHandler                      0x08000123   Thumb Code     0  startup_stm32f10x_md.o(.text)
    RTC_IRQHandler                           0x08000123   Thumb Code     0  startup_stm32f10x_md.o(.text)
    TAMPER_IRQHandler                        0x08000123   Thumb Code     0  startup_stm32f10x_md.o(.text)
    TIM1_BRK_IRQHandler                      0x08000123   Thumb Code     0  startup_stm32f10x_md.o(.text)
    TIM1_CC_IRQHandler                       0x08000123   Thumb Code     0  startup_stm32f10x_md.o(.text)
    TIM1_TRG_COM_IRQHandler                  0x08000123   Thumb Code     0  startup_stm32f10x_md.o(.text)
    TIM1_UP_IRQHandler                       0x08000123   Thumb Code     0  startup_stm32f10x_md.o(.text)
    TIM2_IRQHandler                          0x08000123   Thumb Code     0  startup_stm32f10x_md.o(.text)
    TIM3_IRQHandler                          0x08000123   Thumb Code     0  startup_stm32f10x_md.o(.text)
    TIM4_IRQHandler                          0x08000123   Thumb Code     0  startup_stm32f10x_md.o(.text)
    USBWakeUp_IRQHandler                     0x08000123   Thumb Code     0  startup_stm32f10x_md.o(.text)
    USB_HP_CAN1_TX_IRQHandler                0x08000123   Thumb Code     0  startup_stm32f10x_md.o(.text)
    USB_LP_CAN1_RX0_IRQHandler               0x08000123   Thumb Code     0  startup_stm32f10x_md.o(.text)
    WWDG_IRQHandler                          0x08000123   Thumb Code     0  startup_stm32f10x_md.o(.text)
    __aeabi_memcpy                           0x0800012d   Thumb Code    36  memcpya.o(.text)
    __aeabi_memcpy4                          0x0800012d   Thumb Code     0  memcpya.o(.text)
    __aeabi_memcpy8                          0x0800012d   Thumb Code     0  memcpya.o(.text)
    __aeabi_memset                           0x08000151   Thumb Code    14  memseta.o(.text)
    __aeabi_memset4                          0x08000151   Thumb Code     0  memseta.o(.text)
    __aeabi_memset8                          0x08000151   Thumb Code     0  memseta.o(.text)
    __aeabi_memclr                           0x0800015f   Thumb Code     4  memseta.o(.text)
    __aeabi_memclr4                          0x0800015f   Thumb Code     0  memseta.o(.text)
    __aeabi_memclr8                          0x0800015f   Thumb Code     0  memseta.o(.text)
    _memset$wrapper                          0x08000163   Thumb Code    18  memseta.o(.text)
    __cpp_initialize__aeabi_                 0x08000175   Thumb Code    22  cpp_init.o(.text)
    __aeabi_atexit                           0x08000195   Thumb Code    46  aeabi_atexit.o(.text)
    __aeabi_fadd                             0x080001c3   Thumb Code   164  fadd.o(.text)
    __aeabi_fsub                             0x08000267   Thumb Code     6  fadd.o(.text)
    __aeabi_frsub                            0x0800026d   Thumb Code     6  fadd.o(.text)
    __aeabi_fmul                             0x08000273   Thumb Code   100  fmul.o(.text)
    __aeabi_fdiv                             0x080002d7   Thumb Code   124  fdiv.o(.text)
    __aeabi_dadd                             0x08000353   Thumb Code   322  dadd.o(.text)
    __aeabi_dsub                             0x08000495   Thumb Code     6  dadd.o(.text)
    __aeabi_drsub                            0x0800049b   Thumb Code     6  dadd.o(.text)
    __aeabi_dmul                             0x080004a1   Thumb Code   228  dmul.o(.text)
    __aeabi_ddiv                             0x08000585   Thumb Code   222  ddiv.o(.text)
    __aeabi_i2f                              0x08000663   Thumb Code    18  fflti.o(.text)
    __aeabi_ui2f                             0x08000675   Thumb Code    10  ffltui.o(.text)
    __aeabi_i2d                              0x0800067f   Thumb Code    34  dflti.o(.text)
    __aeabi_ui2d                             0x080006a1   Thumb Code    26  dfltui.o(.text)
    __aeabi_f2iz                             0x080006bb   Thumb Code    50  ffixi.o(.text)
    __aeabi_f2uiz                            0x080006ed   Thumb Code    40  ffixui.o(.text)
    __aeabi_d2iz                             0x08000715   Thumb Code    62  dfixi.o(.text)
    __aeabi_d2uiz                            0x08000753   Thumb Code    50  dfixui.o(.text)
    __aeabi_f2d                              0x08000785   Thumb Code    38  f2d.o(.text)
    __aeabi_cdcmpeq                          0x080007ad   Thumb Code     0  cdcmple.o(.text)
    __aeabi_cdcmple                          0x080007ad   Thumb Code    48  cdcmple.o(.text)
    __aeabi_cdrcmple                         0x080007dd   Thumb Code    48  cdrcmple.o(.text)
    __aeabi_d2f                              0x0800080d   Thumb Code    56  d2f.o(.text)
    __aeabi_cfcmpeq                          0x08000845   Thumb Code     0  cfcmple.o(.text)
    __aeabi_cfcmple                          0x08000845   Thumb Code    20  cfcmple.o(.text)
    __aeabi_cfrcmple                         0x08000859   Thumb Code    20  cfrcmple.o(.text)
    __aeabi_llsl                             0x0800086d   Thumb Code    30  llshl.o(.text)
    _ll_shift_l                              0x0800086d   Thumb Code     0  llshl.o(.text)
    __aeabi_llsr                             0x0800088b   Thumb Code    32  llushr.o(.text)
    _ll_ushift_r                             0x0800088b   Thumb Code     0  llushr.o(.text)
    __aeabi_lasr                             0x080008ab   Thumb Code    36  llsshr.o(.text)
    _ll_sshift_r                             0x080008ab   Thumb Code     0  llsshr.o(.text)
    __I$use$fp                               0x080008cf   Thumb Code     0  iusefp.o(.text)
    __rt_ddtor_pointer_addr                  0x080008d1   Thumb Code     4  cpp_dtor.o(.text)
    __cxa_finalize                           0x080008d9   Thumb Code    66  cxa_finalize.o(.text)
    _float_round                             0x0800091b   Thumb Code    18  fepilogue.o(.text)
    _float_epilogue                          0x0800092d   Thumb Code    92  fepilogue.o(.text)
    __ARM_scalbnf                            0x08000989   Thumb Code    24  fscalb.o(.text)
    scalbnf                                  0x08000989   Thumb Code     0  fscalb.o(.text)
    _fsqrt                                   0x080009a1   Thumb Code    94  fsqrt.o(.text)
    _frnd                                    0x080009ff   Thumb Code    60  frnd.o(.text)
    _double_round                            0x08000a3b   Thumb Code    30  depilogue.o(.text)
    _double_epilogue                         0x08000a59   Thumb Code   156  depilogue.o(.text)
    __scatterload                            0x08000af5   Thumb Code    28  init.o(.text)
    __scatterload_rt2                        0x08000af5   Thumb Code     0  init.o(.text)
    __rt_lib_shutdown_cpp_2                  0x08000b19   Thumb Code     2  cpp_final.o(.text)
    DMA1_Channel2_IRQHandler                 0x08000b1d   Thumb Code    18  interrupt.o(i.DMA1_Channel2_IRQHandler)
    DMA1_Channel4_IRQHandler                 0x08000b35   Thumb Code    32  interrupt.o(i.DMA1_Channel4_IRQHandler)
    DMA1_Channel5_IRQHandler                 0x08000b5d   Thumb Code    18  interrupt.o(i.DMA1_Channel5_IRQHandler)
    DMA1_Channel6_IRQHandler                 0x08000b75   Thumb Code    18  interrupt.o(i.DMA1_Channel6_IRQHandler)
    DMA1_Channel7_IRQHandler                 0x08000b8d   Thumb Code    32  interrupt.o(i.DMA1_Channel7_IRQHandler)
    DMA_ClearFlag                            0x08000bb5   Thumb Code    18  stm32f10x_dma.o(i.DMA_ClearFlag)
    DMA_ClearITPendingBit                    0x08000bd1   Thumb Code    18  stm32f10x_dma.o(i.DMA_ClearITPendingBit)
    DMA_Cmd                                  0x08000bed   Thumb Code    24  stm32f10x_dma.o(i.DMA_Cmd)
    DMA_DeInit                               0x08000c05   Thumb Code   324  stm32f10x_dma.o(i.DMA_DeInit)
    DMA_GetCurrDataCounter                   0x08000d51   Thumb Code     8  stm32f10x_dma.o(i.DMA_GetCurrDataCounter)
    DMA_GetFlagStatus                        0x08000d59   Thumb Code    36  stm32f10x_dma.o(i.DMA_GetFlagStatus)
    DMA_ITConfig                             0x08000d85   Thumb Code    18  stm32f10x_dma.o(i.DMA_ITConfig)
    DMA_Init                                 0x08000d97   Thumb Code    60  stm32f10x_dma.o(i.DMA_Init)
    EXTI2_IRQHandler                         0x08000dd5   Thumb Code    12  interrupt.o(i.EXTI2_IRQHandler)
    EXTI_ClearITPendingBit                   0x08000de5   Thumb Code     6  stm32f10x_exti.o(i.EXTI_ClearITPendingBit)
    EXTI_GetITStatus                         0x08000df1   Thumb Code    34  stm32f10x_exti.o(i.EXTI_GetITStatus)
    EXTI_Init                                0x08000e19   Thumb Code   142  stm32f10x_exti.o(i.EXTI_Init)
    GPIO_EXTILineConfig                      0x08000ead   Thumb Code    60  stm32f10x_gpio.o(i.GPIO_EXTILineConfig)
    GPIO_Init                                0x08000eed   Thumb Code   278  stm32f10x_gpio.o(i.GPIO_Init)
    GPIO_PinRemapConfig                      0x08001005   Thumb Code   138  stm32f10x_gpio.o(i.GPIO_PinRemapConfig)
    GPIO_ReadInputDataBit                    0x08001095   Thumb Code    18  stm32f10x_gpio.o(i.GPIO_ReadInputDataBit)
    GPIO_ResetBits                           0x080010a7   Thumb Code     4  stm32f10x_gpio.o(i.GPIO_ResetBits)
    GPIO_SetBits                             0x080010ab   Thumb Code     4  stm32f10x_gpio.o(i.GPIO_SetBits)
    I2C1_ER_IRQHandler                       0x080010b1   Thumb Code    18  interrupt.o(i.I2C1_ER_IRQHandler)
    I2C1_EV_IRQHandler                       0x080010c9   Thumb Code    18  interrupt.o(i.I2C1_EV_IRQHandler)
    I2C2_ER_IRQHandler                       0x080010e1   Thumb Code    18  interrupt.o(i.I2C2_ER_IRQHandler)
    I2C2_EV_IRQHandler                       0x080010f9   Thumb Code    18  interrupt.o(i.I2C2_EV_IRQHandler)
    I2C_AcknowledgeConfig                    0x08001111   Thumb Code    24  stm32f10x_i2c.o(i.I2C_AcknowledgeConfig)
    I2C_GenerateSTART                        0x08001129   Thumb Code    24  stm32f10x_i2c.o(i.I2C_GenerateSTART)
    I2C_GenerateSTOP                         0x08001141   Thumb Code    24  stm32f10x_i2c.o(i.I2C_GenerateSTOP)
    I2C_GetFlagStatus                        0x08001159   Thumb Code    58  stm32f10x_i2c.o(i.I2C_GetFlagStatus)
    I2C_GetLastEvent                         0x08001193   Thumb Code    26  stm32f10x_i2c.o(i.I2C_GetLastEvent)
    I2C_Init                                 0x080011ad   Thumb Code   222  stm32f10x_i2c.o(i.I2C_Init)
    I2C_ReceiveData                          0x08001299   Thumb Code     8  stm32f10x_i2c.o(i.I2C_ReceiveData)
    I2C_Send7bitAddress                      0x080012a1   Thumb Code    18  stm32f10x_i2c.o(i.I2C_Send7bitAddress)
    I2C_SendData                             0x080012b3   Thumb Code     4  stm32f10x_i2c.o(i.I2C_SendData)
    NVIC_Init                                0x080012b9   Thumb Code   100  misc.o(i.NVIC_Init)
    NVIC_PriorityGroupConfig                 0x08001329   Thumb Code    10  misc.o(i.NVIC_PriorityGroupConfig)
    RCC_AHBPeriphClockCmd                    0x0800133d   Thumb Code    26  stm32f10x_rcc.o(i.RCC_AHBPeriphClockCmd)
    RCC_APB1PeriphClockCmd                   0x0800135d   Thumb Code    26  stm32f10x_rcc.o(i.RCC_APB1PeriphClockCmd)
    RCC_APB1PeriphResetCmd                   0x0800137d   Thumb Code    26  stm32f10x_rcc.o(i.RCC_APB1PeriphResetCmd)
    RCC_APB2PeriphClockCmd                   0x0800139d   Thumb Code    26  stm32f10x_rcc.o(i.RCC_APB2PeriphClockCmd)
    RCC_DeInit                               0x080013bd   Thumb Code    64  stm32f10x_rcc.o(i.RCC_DeInit)
    RCC_GetClocksFreq                        0x08001409   Thumb Code   192  stm32f10x_rcc.o(i.RCC_GetClocksFreq)
    RCC_GetFlagStatus                        0x080014dd   Thumb Code    56  stm32f10x_rcc.o(i.RCC_GetFlagStatus)
    RCC_GetSYSCLKSource                      0x08001519   Thumb Code    10  stm32f10x_rcc.o(i.RCC_GetSYSCLKSource)
    RCC_HCLKConfig                           0x08001529   Thumb Code    18  stm32f10x_rcc.o(i.RCC_HCLKConfig)
    RCC_HSEConfig                            0x08001541   Thumb Code    70  stm32f10x_rcc.o(i.RCC_HSEConfig)
    RCC_PCLK1Config                          0x0800158d   Thumb Code    18  stm32f10x_rcc.o(i.RCC_PCLK1Config)
    RCC_PCLK2Config                          0x080015a5   Thumb Code    20  stm32f10x_rcc.o(i.RCC_PCLK2Config)
    RCC_PLLCmd                               0x080015bd   Thumb Code     6  stm32f10x_rcc.o(i.RCC_PLLCmd)
    RCC_PLLConfig                            0x080015c9   Thumb Code    24  stm32f10x_rcc.o(i.RCC_PLLConfig)
    RCC_SYSCLKConfig                         0x080015e5   Thumb Code    18  stm32f10x_rcc.o(i.RCC_SYSCLKConfig)
    RCC_WaitForHSEStartUp                    0x080015fd   Thumb Code    56  stm32f10x_rcc.o(i.RCC_WaitForHSEStartUp)
    SPI1_IRQHandler                          0x08001635   Thumb Code    18  interrupt.o(i.SPI1_IRQHandler)
    SPI2_IRQHandler                          0x0800164d   Thumb Code    18  interrupt.o(i.SPI2_IRQHandler)
    SPI_Cmd                                  0x08001665   Thumb Code    24  stm32f10x_spi.o(i.SPI_Cmd)
    SPI_I2S_ClearFlag                        0x0800167d   Thumb Code     6  stm32f10x_spi.o(i.SPI_I2S_ClearFlag)
    SPI_I2S_ClearITPendingBit                0x08001683   Thumb Code    20  stm32f10x_spi.o(i.SPI_I2S_ClearITPendingBit)
    SPI_I2S_DMACmd                           0x08001697   Thumb Code    18  stm32f10x_spi.o(i.SPI_I2S_DMACmd)
    SPI_I2S_GetFlagStatus                    0x080016a9   Thumb Code    18  stm32f10x_spi.o(i.SPI_I2S_GetFlagStatus)
    SPI_I2S_GetITStatus                      0x080016bb   Thumb Code    52  stm32f10x_spi.o(i.SPI_I2S_GetITStatus)
    SPI_I2S_ITConfig                         0x080016ef   Thumb Code    32  stm32f10x_spi.o(i.SPI_I2S_ITConfig)
    SPI_I2S_ReceiveData                      0x0800170f   Thumb Code     6  stm32f10x_spi.o(i.SPI_I2S_ReceiveData)
    SPI_I2S_SendData                         0x08001715   Thumb Code     4  stm32f10x_spi.o(i.SPI_I2S_SendData)
    SPI_Init                                 0x08001719   Thumb Code    60  stm32f10x_spi.o(i.SPI_Init)
    SysTick_Handler                          0x0800183d   Thumb Code    20  taskmanager.o(i.SysTick_Handler)
    SystemInit                               0x0800185d   Thumb Code    78  system_stm32f10x.o(i.SystemInit)
    TIM_Cmd                                  0x080018bd   Thumb Code    24  stm32f10x_tim.o(i.TIM_Cmd)
    TIM_OC1Init                              0x080018d5   Thumb Code   132  stm32f10x_tim.o(i.TIM_OC1Init)
    TIM_OC1PreloadConfig                     0x0800196d   Thumb Code    18  stm32f10x_tim.o(i.TIM_OC1PreloadConfig)
    TIM_OC2Init                              0x08001981   Thumb Code   154  stm32f10x_tim.o(i.TIM_OC2Init)
    TIM_OC2PreloadConfig                     0x08001a25   Thumb Code    26  stm32f10x_tim.o(i.TIM_OC2PreloadConfig)
    TIM_OC3Init                              0x08001a41   Thumb Code   150  stm32f10x_tim.o(i.TIM_OC3Init)
    TIM_OC3PreloadConfig                     0x08001ae1   Thumb Code    18  stm32f10x_tim.o(i.TIM_OC3PreloadConfig)
    TIM_OC4Init                              0x08001af5   Thumb Code   114  stm32f10x_tim.o(i.TIM_OC4Init)
    TIM_OC4PreloadConfig                     0x08001b71   Thumb Code    26  stm32f10x_tim.o(i.TIM_OC4PreloadConfig)
    TIM_TimeBaseInit                         0x08001b8d   Thumb Code   122  stm32f10x_tim.o(i.TIM_TimeBaseInit)
    USART1_IRQHandler                        0x08001c31   Thumb Code    18  interrupt.o(i.USART1_IRQHandler)
    USART2_IRQHandler                        0x08001c49   Thumb Code    18  interrupt.o(i.USART2_IRQHandler)
    USART3_IRQHandler                        0x08001c61   Thumb Code    18  interrupt.o(i.USART3_IRQHandler)
    USART_ClearITPendingBit                  0x08001c79   Thumb Code    30  stm32f10x_usart.o(i.USART_ClearITPendingBit)
    USART_Cmd                                0x08001c97   Thumb Code    24  stm32f10x_usart.o(i.USART_Cmd)
    USART_DMACmd                             0x08001caf   Thumb Code    18  stm32f10x_usart.o(i.USART_DMACmd)
    USART_GetFlagStatus                      0x08001cc1   Thumb Code    26  stm32f10x_usart.o(i.USART_GetFlagStatus)
    USART_GetITStatus                        0x08001cdb   Thumb Code    84  stm32f10x_usart.o(i.USART_GetITStatus)
    USART_ITConfig                           0x08001d2f   Thumb Code    74  stm32f10x_usart.o(i.USART_ITConfig)
    USART_Init                               0x08001d79   Thumb Code   210  stm32f10x_usart.o(i.USART_Init)
    USART_ReceiveData                        0x08001e51   Thumb Code    10  stm32f10x_usart.o(i.USART_ReceiveData)
    USART_SendData                           0x08001e5b   Thumb Code     8  stm32f10x_usart.o(i.USART_SendData)
    RCC_Configuration()                      0x08001e63   Thumb Code   106  main.o(i._Z17RCC_Configurationv)
    TaskManager::Time()                      0x08001ecd   Thumb Code   110  taskmanager.o(i._ZN11TaskManager4TimeEv)
    TaskManager::DelayS(unsigned short)      0x08001f5d   Thumb Code    54  taskmanager.o(i._ZN11TaskManager6DelaySEt)
    TaskManager::DelayMs(unsigned short)     0x08001f95   Thumb Code    64  taskmanager.o(i._ZN11TaskManager7DelayMsEt)
    TaskManager::TimeSlice(double&, double)  0x08001fd9   Thumb Code    62  taskmanager.o(i._ZN11TaskManager9TimeSliceERdd)
    TaskManager::TaskManager()               0x08002019   Thumb Code    32  taskmanager.o(i._ZN11TaskManagerC1Ev)
    TaskManager::TaskManager__sub_object()   0x08002019   Thumb Code     0  taskmanager.o(i._ZN11TaskManagerC1Ev)
    Communication::Calibration(unsigned char*, int, unsigned char) 0x0800203d   Thumb Code    34  communication.o(i._ZN13Communication11CalibrationEPhih)
    Communication::DataListening()           0x0800205f   Thumb Code   556  communication.o(i._ZN13Communication13DataListeningEv)
    Communication::Communication(NRF24L01&)  0x0800228b   Thumb Code    32  communication.o(i._ZN13CommunicationC1ER8NRF24L01)
    Communication::Communication__sub_object(NRF24L01&) 0x0800228b   Thumb Code     0  communication.o(i._ZN13CommunicationC1ER8NRF24L01)
    AttitudeCalculation::NonlinearSO3AHRSinit(float, float, float, float, float, float) 0x080022ab   Thumb Code   582  attitude.o(i._ZN19AttitudeCalculation20NonlinearSO3AHRSinitEffffff)
    AttitudeCalculation::NonlinearSO3AHRSupdate(float, float, float, float, float, float, float, float, float, float, float, float) 0x080024f1   Thumb Code  2430  attitude.o(i._ZN19AttitudeCalculation22NonlinearSO3AHRSupdateEffffffffffff)
    AttitudeCalculation::GetAngle(Vector3<int>, Vector3<float>, float) 0x08002e75   Thumb Code   376  attitude.o(i._ZN19AttitudeCalculation8GetAngleE7Vector3IiES0_IfEf)
    I2C::AddCommand(unsigned char, unsigned char, unsigned char*, unsigned char, unsigned char*, unsigned char, bool, Sensor*) 0x08002ff9   Thumb Code   222  i2c.o(i._ZN3I2C10AddCommandEhhPhhS0_hbP6Sensor)
    I2C::Soft_Reset()                        0x080030d7   Thumb Code    26  i2c.o(i._ZN3I2C10Soft_ResetEv)
    I2C::I2CGPIOInit(unsigned short, unsigned short) 0x080030f1   Thumb Code    82  i2c.o(i._ZN3I2C11I2CGPIOInitEtt)
    I2C::ClearCommand()                      0x0800314d   Thumb Code    14  i2c.o(i._ZN3I2C12ClearCommandEv)
    I2C::GetI2CNumber()                      0x0800315d   Thumb Code    18  i2c.o(i._ZN3I2C12GetI2CNumberEv)
    I2C::I2CGPIODeInit(unsigned short, unsigned short) 0x08003175   Thumb Code    46  i2c.o(i._ZN3I2C13I2CGPIODeInitEtt)
    I2C::StartCMDQueue()                     0x080031a9   Thumb Code   170  i2c.o(i._ZN3I2C13StartCMDQueueEv)
    I2C::I2C_CHACK_BUSY_FIX(unsigned, unsigned short, unsigned short) 0x08003255   Thumb Code   192  i2c.o(i._ZN3I2C18I2C_CHACK_BUSY_FIXEjtt)
    I2C::WaitTransmitComplete(bool, bool, bool) 0x08003319   Thumb Code   152  i2c.o(i._ZN3I2C20WaitTransmitCompleteEbbb)
    I2C::Init()                              0x080033b1   Thumb Code   548  i2c.o(i._ZN3I2C4InitEv)
    I2C::DelayUs(unsigned)                   0x080035d9   Thumb Code    14  i2c.o(i._ZN3I2C7DelayUsEj)
    I2C::DmaRxIRQ()                          0x080035e9   Thumb Code   104  i2c.o(i._ZN3I2C8DmaRxIRQEv)
    I2C::DmaTxIRQ()                          0x08003655   Thumb Code    14  i2c.o(i._ZN3I2C8DmaTxIRQEv)
    I2C::ErrorIRQ()                          0x08003669   Thumb Code    92  i2c.o(i._ZN3I2C8ErrorIRQEv)
    I2C::EventIRQ()                          0x080036c5   Thumb Code  1100  i2c.o(i._ZN3I2C8EventIRQEv)
    I2C::IsHealth()                          0x08003b1d   Thumb Code    16  i2c.o(i._ZN3I2C8IsHealthEv)
    I2C::IsSendOk()                          0x08003b2d   Thumb Code    36  i2c.o(i._ZN3I2C8IsSendOkEv)
    I2C::I2C(unsigned char, bool, unsigned, unsigned char, unsigned char, unsigned char, unsigned char, unsigned char, unsigned char, unsigned char, unsigned char) 0x08003b51   Thumb Code   318  i2c.o(i._ZN3I2CC1Ehbjhhhhhhhh)
    I2C::I2C__sub_object(unsigned char, bool, unsigned, unsigned char, unsigned char, unsigned char, unsigned char, unsigned char, unsigned char, unsigned char, unsigned char) 0x08003b51   Thumb Code     0  i2c.o(i._ZN3I2CC1Ehbjhhhhhhhh)
    IMU::IMU_Filter()                        0x08003ca5   Thumb Code   344  imu.o(i._ZN3IMU10IMU_FilterEv)
    IMU::GyroCalibrate()                     0x08003e21   Thumb Code    14  imu.o(i._ZN3IMU13GyroCalibrateEv)
    IMU::GyroIsCalibrated()                  0x08003e2f   Thumb Code    12  imu.o(i._ZN3IMU16GyroIsCalibratedEv)
    IMU::init()                              0x08003e3d   Thumb Code    86  imu.o(i._ZN3IMU4initEv)
    IMU::UpdateIMU()                         0x08003ebd   Thumb Code   180  imu.o(i._ZN3IMU9UpdateIMUEv)
    IMU::IMU(mpu6050&)                       0x08003fa1   Thumb Code   126  imu.o(i._ZN3IMUC1ER7mpu6050)
    IMU::IMU__sub_object(mpu6050&)           0x08003fa1   Thumb Code     0  imu.o(i._ZN3IMUC1ER7mpu6050)
    LED::On()                                0x0800401f   Thumb Code    14  led.o(i._ZN3LED2OnEv)
    LED::LED(GPIO&, bool)                    0x0800402d   Thumb Code    16  led.o(i._ZN3LEDC1ER4GPIOb)
    LED::LED__sub_object(GPIO&, bool)        0x0800402d   Thumb Code     0  led.o(i._ZN3LEDC1ER4GPIOb)
    PWM::Initialize(TIM_TypeDef*, bool, bool, bool, bool, unsigned short, unsigned char) 0x0800403d   Thumb Code   846  f103_pwm.o(i._ZN3PWM10InitializeEP11TIM_TypeDefbbbbth)
    PWM::SetDuty(float, float, float, float) 0x080043cd   Thumb Code   166  f103_pwm.o(i._ZN3PWM7SetDutyEffff)
    PWM::SetDuty(unsigned char, float)       0x08004479   Thumb Code   188  f103_pwm.o(i._ZN3PWM7SetDutyEhf)
    PWM::PWM(TIM_TypeDef*, bool, bool, bool, bool, unsigned short, unsigned char) 0x08004539   Thumb Code    44  f103_pwm.o(i._ZN3PWMC1EP11TIM_TypeDefbbbbth)
    PWM::PWM__sub_object(TIM_TypeDef*, bool, bool, bool, bool, unsigned short, unsigned char) 0x08004539   Thumb Code     0  f103_pwm.o(i._ZN3PWMC1EP11TIM_TypeDefbbbbth)
    SPI::RCC_Configuration()                 0x08004565   Thumb Code    52  spi.o(i._ZN3SPI17RCC_ConfigurationEv)
    SPI::SPI_RW(unsigned char)               0x080045a1   Thumb Code    60  spi.o(i._ZN3SPI6SPI_RWEh)
    SPI::SpiIrq()                            0x080045dd   Thumb Code   202  spi.o(i._ZN3SPI6SpiIrqEv)
    SPI::SendData(unsigned char*, unsigned)  0x080046ad   Thumb Code   226  spi.o(i._ZN3SPI8SendDataEPhj)
    SPI::SetSpeed(unsigned char)             0x08004795   Thumb Code    38  spi.o(i._ZN3SPI8SetSpeedEh)
    SPI::SetCSNPin(unsigned char)            0x080047c1   Thumb Code    18  spi.o(i._ZN3SPI9SetCSNPinEh)
    SPI::SPI(SPI_TypeDef*, bool, unsigned char, unsigned char, unsigned char, unsigned char, unsigned char) 0x080047d5   Thumb Code   924  spi.o(i._ZN3SPIC1EP11SPI_TypeDefbhhhhh)
    SPI::SPI__sub_object(SPI_TypeDef*, bool, unsigned char, unsigned char, unsigned char, unsigned char, unsigned char) 0x080047d5   Thumb Code     0  spi.o(i._ZN3SPIC1EP11SPI_TypeDefbhhhhh)
    SPI::~SPI()                              0x08004b8d   Thumb Code    36  spi.o(i._ZN3SPID1Ev)
    SPI::~SPI__sub_object()                  0x08004b8d   Thumb Code     0  spi.o(i._ZN3SPID1Ev)
    GPIO::RCC_Configuration()                0x08004bc1   Thumb Code   130  gpio.o(i._ZN4GPIO17RCC_ConfigurationEv)
    GPIO::GetLevel()                         0x08004c61   Thumb Code    28  gpio.o(i._ZN4GPIO8GetLevelEv)
    GPIO::SetLevel(unsigned char)            0x08004c81   Thumb Code    42  gpio.o(i._ZN4GPIO8SetLevelEh)
    GPIO::GPIO(GPIO_TypeDef*, unsigned short, GPIOMode_TypeDef, GPIOSpeed_TypeDef) 0x08004cb1   Thumb Code    64  gpio.o(i._ZN4GPIOC1EP12GPIO_TypeDeft16GPIOMode_TypeDef17GPIOSpeed_TypeDef)
    GPIO::GPIO__sub_object(GPIO_TypeDef*, unsigned short, GPIOMode_TypeDef, GPIOSpeed_TypeDef) 0x08004cb1   Thumb Code     0  gpio.o(i._ZN4GPIOC1EP12GPIO_TypeDeft16GPIOMode_TypeDef17GPIOSpeed_TypeDef)
    Delay::Us(unsigned)                      0x08004cf5   Thumb Code    58  delay.o(i._ZN5Delay2UsEj)
    USART::Irq()                             0x08004d31   Thumb Code   208  usart.o(i._ZN5USART3IrqEv)
    USART::DmaIrq()                          0x08004e09   Thumb Code   136  usart.o(i._ZN5USART6DmaIrqEv)
    USART::SendData(unsigned char*, unsigned) 0x08004e91   Thumb Code   212  usart.o(i._ZN5USART8SendDataEPhj)
    USART::USART(unsigned char, unsigned, bool, unsigned char, unsigned char, unsigned char, unsigned char, unsigned char, unsigned short, unsigned short, unsigned short) 0x08004f69   Thumb Code   884  usart.o(i._ZN5USARTC1Ehjbhhhhhttt)
    USART::USART__sub_object(unsigned char, unsigned, bool, unsigned char, unsigned char, unsigned char, unsigned char, unsigned char, unsigned short, unsigned short, unsigned short) 0x08004f69   Thumb Code     0  usart.o(i._ZN5USARTC1Ehjbhhhhhttt)
    USART::~USART()                          0x0800530d   Thumb Code    54  usart.o(i._ZN5USARTD1Ev)
    USART::~USART__sub_object()              0x0800530d   Thumb Code     0  usart.o(i._ZN5USARTD1Ev)
    USART::operator <<(const char*)          0x0800535d   Thumb Code    36  usart.o(i._ZN5USARTlsEPKc)
    USART::operator <<(double)               0x08005381   Thumb Code   198  usart.o(i._ZN5USARTlsEd)
    USART::operator <<(int)                  0x0800544d   Thumb Code    94  usart.o(i._ZN5USARTlsEi)
    flash::flash(unsigned, bool)             0x080054ab   Thumb Code    22  flash.o(i._ZN5flashC1Ejb)
    flash::flash__sub_object(unsigned, bool) 0x080054ab   Thumb Code     0  flash.o(i._ZN5flashC1Ejb)
    Sensor::Updated()                        0x080054c1   Thumb Code    44  i2c.o(i._ZN6Sensor7UpdatedEv)
    Control::CtrlAttiRate(Vector3<float>, Vector3<float>, unsigned short, unsigned short, unsigned short, unsigned short) 0x080054ed   Thumb Code   862  control.o(i._ZN7Control12CtrlAttiRateE7Vector3IfES1_tttt)
    Control::Control(PWM&, PWM&)             0x08005865   Thumb Code    56  control.o(i._ZN7ControlC1ER3PWMS1_)
    Control::Control__sub_object(PWM&, PWM&) 0x08005865   Thumb Code     0  control.o(i._ZN7ControlC1ER3PWMS1_)
    mpu6050::BypassMode(bool)                0x080058ad   Thumb Code   148  mpu6050.o(i._ZN7mpu605010BypassModeEb)
    mpu6050::GetGyrDegree()                  0x08005941   Thumb Code    98  mpu6050.o(i._ZN7mpu605012GetGyrDegreeEv)
    mpu6050::GetUpdateInterval()             0x080059ad   Thumb Code    24  mpu6050.o(i._ZN7mpu605017GetUpdateIntervalEv)
    mpu6050::IsGyroCalibrating()             0x080059c5   Thumb Code     8  mpu6050.o(i._ZN7mpu605017IsGyroCalibratingEv)
    mpu6050::StartGyroCalibrate()            0x080059cd   Thumb Code     8  mpu6050.o(i._ZN7mpu605018StartGyroCalibrateEv)
    mpu6050::Init(bool)                      0x080059d5   Thumb Code   294  mpu6050.o(i._ZN7mpu60504InitEb)
    mpu6050::GetGyr()                        0x08005b01   Thumb Code    98  mpu6050.o(i._ZN7mpu60506GetGyrEv)
    mpu6050::Update(bool, Vector3<int>*, Vector3<int>*) 0x08005b6d   Thumb Code   670  mpu6050.o(i._ZN7mpu60506UpdateEbP7Vector3IiES2_)
    mpu6050::GetAccRaw()                     0x08005e2d   Thumb Code    70  mpu6050.o(i._ZN7mpu60509GetAccRawEv)
    mpu6050::GetGyrRaw()                     0x08005e73   Thumb Code    14  mpu6050.o(i._ZN7mpu60509GetGyrRawEv)
    mpu6050::GetHealth()                     0x08005e81   Thumb Code    54  mpu6050.o(i._ZN7mpu60509GetHealthEv)
    mpu6050::mpu6050(I2C&, unsigned short)   0x08005eb7   Thumb Code    64  mpu6050.o(i._ZN7mpu6050C1ER3I2Ct)
    mpu6050::mpu6050__sub_object(I2C&, unsigned short) 0x08005eb7   Thumb Code     0  mpu6050.o(i._ZN7mpu6050C1ER3I2Ct)
    mpu6050::~mpu6050()                      0x08005ef7   Thumb Code     2  mpu6050.o(i._ZN7mpu6050D1Ev)
    mpu6050::~mpu6050__sub_object()          0x08005ef7   Thumb Code     0  mpu6050.o(i._ZN7mpu6050D1Ev)
    NRF24L01::NRF_CE_LOW()                   0x08005ef9   Thumb Code    16  nrf24l01.o(i._ZN8NRF24L0110NRF_CE_LOWEv)
    NRF24L01::SPI_NRF_RW(unsigned char)      0x08005f09   Thumb Code    18  nrf24l01.o(i._ZN8NRF24L0110SPI_NRF_RWEh)
    NRF24L01::NRF_CE_HIGH()                  0x08005f1b   Thumb Code    16  nrf24l01.o(i._ZN8NRF24L0111NRF_CE_HIGHEv)
    NRF24L01::NRF_CSN_LOW()                  0x08005f2b   Thumb Code    16  nrf24l01.o(i._ZN8NRF24L0111NRF_CSN_LOWEv)
    NRF24L01::NRF_RX_Mode()                  0x08005f3d   Thumb Code   120  nrf24l01.o(i._ZN8NRF24L0111NRF_RX_ModeEv)
    NRF24L01::NRF_ReadBuf(unsigned char, unsigned char*, unsigned char) 0x08005fb9   Thumb Code    62  nrf24l01.o(i._ZN8NRF24L0111NRF_ReadBufEhPhh)
    NRF24L01::NRF_ReadReg(unsigned char)     0x08005ff7   Thumb Code    40  nrf24l01.o(i._ZN8NRF24L0111NRF_ReadRegEh)
    NRF24L01::NRF_CSN_HIGH()                 0x0800601f   Thumb Code    16  nrf24l01.o(i._ZN8NRF24L0112NRF_CSN_HIGHEv)
    NRF24L01::NRF_SendData(unsigned char*, unsigned) 0x0800602f   Thumb Code    22  nrf24l01.o(i._ZN8NRF24L0112NRF_SendDataEPhj)
    NRF24L01::NRF_WriteBuf(unsigned char, unsigned char*, unsigned char) 0x08006045   Thumb Code    50  nrf24l01.o(i._ZN8NRF24L0112NRF_WriteBufEhPhh)
    NRF24L01::NRF_WriteReg(unsigned char, unsigned char) 0x08006077   Thumb Code    46  nrf24l01.o(i._ZN8NRF24L0112NRF_WriteRegEhh)
    NRF24L01::GetReceivedData(unsigned char*, unsigned short) 0x080060a5   Thumb Code    40  nrf24l01.o(i._ZN8NRF24L0115GetReceivedDataEPht)
    NRF24L01::ReceiveBufferSize()            0x080060cd   Thumb Code    14  nrf24l01.o(i._ZN8NRF24L0117ReceiveBufferSizeEv)
    NRF24L01::ClearReceiveBuffer()           0x080060db   Thumb Code    14  nrf24l01.o(i._ZN8NRF24L0118ClearReceiveBufferEv)
    NRF24L01::IRQIrq()                       0x080060e9   Thumb Code   248  nrf24l01.o(i._ZN8NRF24L016IRQIrqEv)
    NRF24L01::SetCEPin(GPIO_TypeDef*, unsigned short) 0x080061e5   Thumb Code    44  nrf24l01.o(i._ZN8NRF24L018SetCEPinEP12GPIO_TypeDeft)
    NRF24L01::NRF_Check()                    0x08006211   Thumb Code    90  nrf24l01.o(i._ZN8NRF24L019NRF_CheckEv)
    NRF24L01::NRF_Reset()                    0x08006275   Thumb Code    58  nrf24l01.o(i._ZN8NRF24L019NRF_ResetEv)
    NRF24L01::SetIRQPin(GPIO_TypeDef*, unsigned short) 0x080062af   Thumb Code   124  nrf24l01.o(i._ZN8NRF24L019SetIRQPinEP12GPIO_TypeDeft)
    NRF24L01::NRF24L01(SPI&)                 0x0800632d   Thumb Code   126  nrf24l01.o(i._ZN8NRF24L01C1ER3SPI)
    NRF24L01::NRF24L01__sub_object(SPI&)     0x0800632d   Thumb Code     0  nrf24l01.o(i._ZN8NRF24L01C1ER3SPI)
    std::asin(float)                         0x080063b5   Thumb Code    12  attitude.o(i._ZSt4asinf)
    std::fabs(float)                         0x080063c1   Thumb Code     8  control.o(i._ZSt4fabsf)
    std::sqrt(float)                         0x080063c9   Thumb Code    12  attitude.o(i._ZSt4sqrtf)
    std::atan2(float, float)                 0x080063d5   Thumb Code    16  attitude.o(i._ZSt5atan2ff)
    __ARM_fpclassifyf                        0x080063e5   Thumb Code    38  fpclassifyf.o(i.__ARM_fpclassifyf)
    __cxa_guard_acquire                      0x0800640b   Thumb Code    16  cxa_guard_acquire.o(i.__cxa_guard_acquire)
    __mathlib_flt_infnan                     0x0800641b   Thumb Code     6  funder.o(i.__mathlib_flt_infnan)
    __mathlib_flt_infnan2                    0x08006421   Thumb Code     4  funder.o(i.__mathlib_flt_infnan2)
    __mathlib_flt_invalid                    0x08006425   Thumb Code     8  funder.o(i.__mathlib_flt_invalid)
    __mathlib_flt_underflow                  0x0800642d   Thumb Code    10  funder.o(i.__mathlib_flt_underflow)
    __mathlib_rredf2                         0x08006439   Thumb Code   344  rredf.o(i.__mathlib_rredf2)
    __scatterload_copy                       0x080065a1   Thumb Code    14  handlers.o(i.__scatterload_copy)
    __scatterload_null                       0x080065af   Thumb Code     2  handlers.o(i.__scatterload_null)
    __scatterload_zeroinit                   0x080065b1   Thumb Code    14  handlers.o(i.__scatterload_zeroinit)
    __set_errno                              0x080065c1   Thumb Code     6  errno.o(i.__set_errno)
    asinf                                    0x08006771   Thumb Code   254  asinf.o(i.asinf)
    atan2f                                   0x08006895   Thumb Code   528  atan2f.o(i.atan2f)
    cosf                                     0x08006af1   Thumb Code   328  cosf.o(i.cosf)
    free                                     0x08006c6d   Thumb Code    76  malloc.o(i.free)
    main                                     0x08006cbd   Thumb Code   500  main.o(i.main)
    malloc                                   0x08006f59   Thumb Code    92  malloc.o(i.malloc)
    sinf                                     0x08006fc5   Thumb Code   338  sinf.o(i.sinf)
    sqrtf                                    0x0800714d   Thumb Code    44  sqrtf.o(i.sqrtf)
    FIFOBuffer<I2C_Command_Struct, (unsigned short)40>::Get(I2C_Command_Struct&) 0x08007179   Thumb Code    76  i2c.o(t._ZN10FIFOBufferI18I2C_Command_StructLt40EE3GetERS0_)
    FIFOBuffer<I2C_Command_Struct, (unsigned short)40>::Put(const I2C_Command_Struct&) 0x080071c5   Thumb Code    80  i2c.o(t._ZN10FIFOBufferI18I2C_Command_StructLt40EE3PutERKS0_)
    FIFOBuffer<I2C_Command_Struct, (unsigned short)40>::Size() 0x08007215   Thumb Code     8  i2c.o(t._ZN10FIFOBufferI18I2C_Command_StructLt40EE4SizeEv)
    FIFOBuffer<I2C_Command_Struct, (unsigned short)40>::Clear() 0x0800721d   Thumb Code    16  i2c.o(t._ZN10FIFOBufferI18I2C_Command_StructLt40EE5ClearEv)
    FIFOBuffer<I2C_Command_Struct, (unsigned short)40>::FIFOBuffer() 0x0800722d   Thumb Code    22  i2c.o(t._ZN10FIFOBufferI18I2C_Command_StructLt40EEC1Ev)
    FIFOBuffer<I2C_Command_Struct, (unsigned short)40>::FIFOBuffer__sub_object() 0x0800722d   Thumb Code     0  i2c.o(t._ZN10FIFOBufferI18I2C_Command_StructLt40EEC1Ev)
    FIFOBuffer<unsigned char, (unsigned short)128>::Get(unsigned char&) 0x08007243   Thumb Code    62  usart.o(t._ZN10FIFOBufferIhLt128EE3GetERh)
    FIFOBuffer<unsigned char, (unsigned short)128>::Put(const unsigned char&) 0x08007281   Thumb Code    68  usart.o(t._ZN10FIFOBufferIhLt128EE3PutERKh)
    FIFOBuffer<unsigned char, (unsigned short)128>::Gets(unsigned char*, unsigned short) 0x080072c5   Thumb Code    76  usart.o(t._ZN10FIFOBufferIhLt128EE4GetsEPht)
    FIFOBuffer<unsigned char, (unsigned short)128>::Puts(unsigned char*, unsigned short) 0x08007311   Thumb Code    82  usart.o(t._ZN10FIFOBufferIhLt128EE4PutsEPht)
    FIFOBuffer<unsigned char, (unsigned short)128>::Size() 0x08007363   Thumb Code     8  usart.o(t._ZN10FIFOBufferIhLt128EE4SizeEv)
    FIFOBuffer<unsigned char, (unsigned short)128>::FIFOBuffer() 0x0800736b   Thumb Code    18  usart.o(t._ZN10FIFOBufferIhLt128EEC1Ev)
    FIFOBuffer<unsigned char, (unsigned short)128>::FIFOBuffer__sub_object() 0x0800736b   Thumb Code     0  usart.o(t._ZN10FIFOBufferIhLt128EEC1Ev)
    FIFOBuffer<unsigned char, (unsigned short)64>::Get(unsigned char&) 0x0800737d   Thumb Code    62  spi.o(t._ZN10FIFOBufferIhLt64EE3GetERh)
    FIFOBuffer<unsigned char, (unsigned short)64>::Put(const unsigned char&) 0x080073bb   Thumb Code    68  spi.o(t._ZN10FIFOBufferIhLt64EE3PutERKh)
    FIFOBuffer<unsigned char, (unsigned short)64>::Gets(unsigned char*, unsigned short) 0x080073ff   Thumb Code    76  spi.o(t._ZN10FIFOBufferIhLt64EE4GetsEPht)
    FIFOBuffer<unsigned char, (unsigned short)64>::Puts(unsigned char*, unsigned short) 0x0800744b   Thumb Code    82  spi.o(t._ZN10FIFOBufferIhLt64EE4PutsEPht)
    FIFOBuffer<unsigned char, (unsigned short)64>::Size() 0x0800749d   Thumb Code     8  spi.o(t._ZN10FIFOBufferIhLt64EE4SizeEv)
    FIFOBuffer<unsigned char, (unsigned short)64>::Clear() 0x080074a5   Thumb Code    14  spi.o(t._ZN10FIFOBufferIhLt64EE5ClearEv)
    FIFOBuffer<unsigned char, (unsigned short)64>::FIFOBuffer() 0x080074b3   Thumb Code    18  spi.o(t._ZN10FIFOBufferIhLt64EEC1Ev)
    FIFOBuffer<unsigned char, (unsigned short)64>::FIFOBuffer__sub_object() 0x080074b3   Thumb Code     0  spi.o(t._ZN10FIFOBufferIhLt64EEC1Ev)
    Vector3<float>::Vector3()                0x080074c5   Thumb Code    10  mpu6050.o(t._ZN7Vector3IfEC1Ev)
    Vector3<float>::Vector3__sub_object()    0x080074c5   Thumb Code     0  mpu6050.o(t._ZN7Vector3IfEC1Ev)
    Vector3<int>::Vector3()                  0x080074cf   Thumb Code    10  hmc5883l.o(t._ZN7Vector3IiEC1Ev)
    Vector3<int>::Vector3__sub_object()      0x080074cf   Thumb Code     0  hmc5883l.o(t._ZN7Vector3IiEC1Ev)
    Vector3<int>::operator =(const Vector3<int>&) 0x080074d9   Thumb Code    14  mpu6050.o(t._ZN7Vector3IiEaSERKS0_)
    GPIO::mPin                               0x080074e6   Data          32  gpio.o(.constdata)
    Region$$Table$$Base                      0x08007528   Number         0  anon$$obj.o(Region$$Table)
    Region$$Table$$Limit                     0x08007548   Number         0  anon$$obj.o(Region$$Table)
    SHT$$INIT_ARRAY$$Base                    0x08007548   Number         0  taskmanager.o(.init_array)
    SHT$$INIT_ARRAY$$Limit                   0x08007550   Number         0  cpp_init.o(.init_array)
    pUSART1                                  0x20000008   Data           4  interrupt.o(.data)
    pUSART2                                  0x2000000c   Data           4  interrupt.o(.data)
    pUSART3                                  0x20000010   Data           4  interrupt.o(.data)
    pI2C1                                    0x20000014   Data           4  interrupt.o(.data)
    pI2C2                                    0x20000018   Data           4  interrupt.o(.data)
    pSPI1                                    0x2000001c   Data           4  interrupt.o(.data)
    pSPI2                                    0x20000020   Data           4  interrupt.o(.data)
    pNRF                                     0x20000024   Data           4  interrupt.o(.data)
    tskmgr                                   0x20000028   Data           1  taskmanager.o(.data)
    TaskManager::_new_time                   0x20000030   Data           8  taskmanager.o(.data)
    TaskManager::_old_time                   0x20000038   Data           8  taskmanager.o(.data)
    TaskManager::_it_time                    0x20000040   Data           8  taskmanager.o(.data)
    TX_ADDRESS                               0x2000004d   Data           5  nrf24l01.o(.data)
    RX_ADDRESS                               0x20000052   Data           5  nrf24l01.o(.data)
    Red                                      0x2000008c   Data           8  main.o(.data)
    GRE                                      0x20000094   Data           8  main.o(.data)
    InfoStore                                0x2000009c   Data           8  main.o(.data)
    __microlib_freelist                      0x200000c0   Data           4  mvars.o(.data)
    __microlib_freelist_initialised          0x200000c4   Data           4  mvars.o(.data)
    iic                                      0x20000158   Data         908  main.o(.bss)
    mpu6050_                                 0x200004e8   Data          80  main.o(.bss)
    imu                                      0x20000538   Data         192  main.o(.bss)
    usart1                                   0x200005f8   Data         340  main.o(.bss)
    spi                                      0x2000074c   Data         236  main.o(.bss)
    nrf                                      0x20000838   Data         208  main.o(.bss)
    mCommunication                           0x20000908   Data          56  main.o(.bss)
    mMotor14                                 0x20000940   Data          40  main.o(.bss)
    mMotor2                                  0x20000968   Data          40  main.o(.bss)
    mControl                                 0x20000990   Data         344  main.o(.bss)
    ledRedGPIO                               0x20000ae8   Data          12  main.o(.bss)
    ledYewGPIO                               0x20000af4   Data          12  main.o(.bss)
    __heap_base                              0x20000b00   Data           0  startup_stm32f10x_md.o(HEAP)
    __heap_limit                             0x20000d00   Data           0  startup_stm32f10x_md.o(HEAP)
    __initial_sp                             0x20001100   Data           0  startup_stm32f10x_md.o(STACK)



==============================================================================

Memory Map of the image

  Image Entry point : 0x080000ed

  Load Region LR_IROM1 (Base: 0x08000000, Size: 0x00007618, Max: 0x00010000, ABSOLUTE)

    Execution Region ER_IROM1 (Base: 0x08000000, Size: 0x00007550, Max: 0x00010000, ABSOLUTE)

    Base Addr    Size         Type   Attr      Idx    E Section Name        Object

    0x08000000   0x000000ec   Data   RO         4297    RESET               startup_stm32f10x_md.o
    0x080000ec   0x00000000   Code   RO         4402  * .ARM.Collect$$$$00000000  mc_w.l(entry.o)
    0x080000ec   0x00000004   Code   RO         4502    .ARM.Collect$$$$00000001  mc_w.l(entry2.o)
    0x080000f0   0x00000004   Code   RO         4505    .ARM.Collect$$$$00000004  mc_w.l(entry5.o)
    0x080000f4   0x00000000   Code   RO         4507    .ARM.Collect$$$$00000008  mc_w.l(entry7b.o)
    0x080000f4   0x00000004   Code   RO         4508    .ARM.Collect$$$$00000009  mc_w.l(entry8a.o)
    0x080000f8   0x00000000   Code   RO         4509    .ARM.Collect$$$$0000000A  mc_w.l(entry8b.o)
    0x080000f8   0x00000008   Code   RO         4510    .ARM.Collect$$$$0000000B  mc_w.l(entry9a.o)
    0x08000100   0x00000000   Code   RO         4512    .ARM.Collect$$$$0000000D  mc_w.l(entry10a.o)
    0x08000100   0x00000004   Code   RO         4513    .ARM.Collect$$$$0000000E  mc_w.l(entry10b.o)
    0x08000104   0x00000000   Code   RO         4514    .ARM.Collect$$$$0000000F  mc_w.l(entry11a.o)
    0x08000104   0x00000004   Code   RO         4503    .ARM.Collect$$$$00002712  mc_w.l(entry2.o)
    0x08000108   0x00000024   Code   RO         4298    .text               startup_stm32f10x_md.o
    0x0800012c   0x00000024   Code   RO         4405    .text               mc_w.l(memcpya.o)
    0x08000150   0x00000024   Code   RO         4407    .text               mc_w.l(memseta.o)
    0x08000174   0x00000020   Code   RO         4414    .text               mc_w.l(cpp_init.o)
    0x08000194   0x0000002e   Code   RO         4416    .text               mc_w.l(aeabi_atexit.o)
    0x080001c2   0x000000b0   Code   RO         4418    .text               mf_w.l(fadd.o)
    0x08000272   0x00000064   Code   RO         4420    .text               mf_w.l(fmul.o)
    0x080002d6   0x0000007c   Code   RO         4422    .text               mf_w.l(fdiv.o)
    0x08000352   0x0000014e   Code   RO         4424    .text               mf_w.l(dadd.o)
    0x080004a0   0x000000e4   Code   RO         4426    .text               mf_w.l(dmul.o)
    0x08000584   0x000000de   Code   RO         4428    .text               mf_w.l(ddiv.o)
    0x08000662   0x00000012   Code   RO         4430    .text               mf_w.l(fflti.o)
    0x08000674   0x0000000a   Code   RO         4432    .text               mf_w.l(ffltui.o)
    0x0800067e   0x00000022   Code   RO         4434    .text               mf_w.l(dflti.o)
    0x080006a0   0x0000001a   Code   RO         4436    .text               mf_w.l(dfltui.o)
    0x080006ba   0x00000032   Code   RO         4438    .text               mf_w.l(ffixi.o)
    0x080006ec   0x00000028   Code   RO         4440    .text               mf_w.l(ffixui.o)
    0x08000714   0x0000003e   Code   RO         4442    .text               mf_w.l(dfixi.o)
    0x08000752   0x00000032   Code   RO         4444    .text               mf_w.l(dfixui.o)
    0x08000784   0x00000026   Code   RO         4446    .text               mf_w.l(f2d.o)
    0x080007aa   0x00000002   PAD
    0x080007ac   0x00000030   Code   RO         4448    .text               mf_w.l(cdcmple.o)
    0x080007dc   0x00000030   Code   RO         4450    .text               mf_w.l(cdrcmple.o)
    0x0800080c   0x00000038   Code   RO         4452    .text               mf_w.l(d2f.o)
    0x08000844   0x00000014   Code   RO         4454    .text               mf_w.l(cfcmple.o)
    0x08000858   0x00000014   Code   RO         4456    .text               mf_w.l(cfrcmple.o)
    0x0800086c   0x0000001e   Code   RO         4516    .text               mc_w.l(llshl.o)
    0x0800088a   0x00000020   Code   RO         4518    .text               mc_w.l(llushr.o)
    0x080008aa   0x00000024   Code   RO         4520    .text               mc_w.l(llsshr.o)
    0x080008ce   0x00000000   Code   RO         4557    .text               mc_w.l(iusefp.o)
    0x080008ce   0x00000002   PAD
    0x080008d0   0x00000008   Code   RO         4558    .text               mc_w.l(cpp_dtor.o)
    0x080008d8   0x00000042   Code   RO         4561    .text               mc_w.l(cxa_finalize.o)
    0x0800091a   0x0000006e   Code   RO         4563    .text               mf_w.l(fepilogue.o)
    0x08000988   0x00000018   Code   RO         4565    .text               mf_w.l(fscalb.o)
    0x080009a0   0x0000005e   Code   RO         4567    .text               mf_w.l(fsqrt.o)
    0x080009fe   0x0000003c   Code   RO         4569    .text               mf_w.l(frnd.o)
    0x08000a3a   0x000000ba   Code   RO         4571    .text               mf_w.l(depilogue.o)
    0x08000af4   0x00000024   Code   RO         4577    .text               mc_w.l(init.o)
    0x08000b18   0x00000002   Code   RO         4581    .text               mc_w.l(cpp_final.o)
    0x08000b1a   0x00000002   PAD
    0x08000b1c   0x00000018   Code   RO          416    i.DMA1_Channel2_IRQHandler  interrupt.o
    0x08000b34   0x00000028   Code   RO          417    i.DMA1_Channel4_IRQHandler  interrupt.o
    0x08000b5c   0x00000018   Code   RO          418    i.DMA1_Channel5_IRQHandler  interrupt.o
    0x08000b74   0x00000018   Code   RO          419    i.DMA1_Channel6_IRQHandler  interrupt.o
    0x08000b8c   0x00000028   Code   RO          420    i.DMA1_Channel7_IRQHandler  interrupt.o
    0x08000bb4   0x0000001c   Code   RO         2500    i.DMA_ClearFlag     stm32f10x_dma.o
    0x08000bd0   0x0000001c   Code   RO         2501    i.DMA_ClearITPendingBit  stm32f10x_dma.o
    0x08000bec   0x00000018   Code   RO         2502    i.DMA_Cmd           stm32f10x_dma.o
    0x08000c04   0x0000014c   Code   RO         2503    i.DMA_DeInit        stm32f10x_dma.o
    0x08000d50   0x00000008   Code   RO         2504    i.DMA_GetCurrDataCounter  stm32f10x_dma.o
    0x08000d58   0x0000002c   Code   RO         2505    i.DMA_GetFlagStatus  stm32f10x_dma.o
    0x08000d84   0x00000012   Code   RO         2507    i.DMA_ITConfig      stm32f10x_dma.o
    0x08000d96   0x0000003c   Code   RO         2508    i.DMA_Init          stm32f10x_dma.o
    0x08000dd2   0x00000002   PAD
    0x08000dd4   0x00000010   Code   RO          421    i.EXTI2_IRQHandler  interrupt.o
    0x08000de4   0x0000000c   Code   RO         2585    i.EXTI_ClearITPendingBit  stm32f10x_exti.o
    0x08000df0   0x00000028   Code   RO         2589    i.EXTI_GetITStatus  stm32f10x_exti.o
    0x08000e18   0x00000094   Code   RO         2590    i.EXTI_Init         stm32f10x_exti.o
    0x08000eac   0x00000040   Code   RO         2839    i.GPIO_EXTILineConfig  stm32f10x_gpio.o
    0x08000eec   0x00000116   Code   RO         2842    i.GPIO_Init         stm32f10x_gpio.o
    0x08001002   0x00000002   PAD
    0x08001004   0x00000090   Code   RO         2844    i.GPIO_PinRemapConfig  stm32f10x_gpio.o
    0x08001094   0x00000012   Code   RO         2846    i.GPIO_ReadInputDataBit  stm32f10x_gpio.o
    0x080010a6   0x00000004   Code   RO         2849    i.GPIO_ResetBits    stm32f10x_gpio.o
    0x080010aa   0x00000004   Code   RO         2850    i.GPIO_SetBits      stm32f10x_gpio.o
    0x080010ae   0x00000002   PAD
    0x080010b0   0x00000018   Code   RO          422    i.I2C1_ER_IRQHandler  interrupt.o
    0x080010c8   0x00000018   Code   RO          423    i.I2C1_EV_IRQHandler  interrupt.o
    0x080010e0   0x00000018   Code   RO          424    i.I2C2_ER_IRQHandler  interrupt.o
    0x080010f8   0x00000018   Code   RO          425    i.I2C2_EV_IRQHandler  interrupt.o
    0x08001110   0x00000018   Code   RO         2963    i.I2C_AcknowledgeConfig  stm32f10x_i2c.o
    0x08001128   0x00000018   Code   RO         2975    i.I2C_GenerateSTART  stm32f10x_i2c.o
    0x08001140   0x00000018   Code   RO         2976    i.I2C_GenerateSTOP  stm32f10x_i2c.o
    0x08001158   0x0000003a   Code   RO         2977    i.I2C_GetFlagStatus  stm32f10x_i2c.o
    0x08001192   0x0000001a   Code   RO         2979    i.I2C_GetLastEvent  stm32f10x_i2c.o
    0x080011ac   0x000000ec   Code   RO         2982    i.I2C_Init          stm32f10x_i2c.o
    0x08001298   0x00000008   Code   RO         2987    i.I2C_ReceiveData   stm32f10x_i2c.o
    0x080012a0   0x00000012   Code   RO         2989    i.I2C_Send7bitAddress  stm32f10x_i2c.o
    0x080012b2   0x00000004   Code   RO         2990    i.I2C_SendData      stm32f10x_i2c.o
    0x080012b6   0x00000002   PAD
    0x080012b8   0x00000070   Code   RO         2392    i.NVIC_Init         misc.o
    0x08001328   0x00000014   Code   RO         2393    i.NVIC_PriorityGroupConfig  misc.o
    0x0800133c   0x00000020   Code   RO         3179    i.RCC_AHBPeriphClockCmd  stm32f10x_rcc.o
    0x0800135c   0x00000020   Code   RO         3180    i.RCC_APB1PeriphClockCmd  stm32f10x_rcc.o
    0x0800137c   0x00000020   Code   RO         3181    i.RCC_APB1PeriphResetCmd  stm32f10x_rcc.o
    0x0800139c   0x00000020   Code   RO         3182    i.RCC_APB2PeriphClockCmd  stm32f10x_rcc.o
    0x080013bc   0x0000004c   Code   RO         3189    i.RCC_DeInit        stm32f10x_rcc.o
    0x08001408   0x000000d4   Code   RO         3190    i.RCC_GetClocksFreq  stm32f10x_rcc.o
    0x080014dc   0x0000003c   Code   RO         3191    i.RCC_GetFlagStatus  stm32f10x_rcc.o
    0x08001518   0x00000010   Code   RO         3193    i.RCC_GetSYSCLKSource  stm32f10x_rcc.o
    0x08001528   0x00000018   Code   RO         3194    i.RCC_HCLKConfig    stm32f10x_rcc.o
    0x08001540   0x0000004c   Code   RO         3195    i.RCC_HSEConfig     stm32f10x_rcc.o
    0x0800158c   0x00000018   Code   RO         3201    i.RCC_PCLK1Config   stm32f10x_rcc.o
    0x080015a4   0x00000018   Code   RO         3202    i.RCC_PCLK2Config   stm32f10x_rcc.o
    0x080015bc   0x0000000c   Code   RO         3203    i.RCC_PLLCmd        stm32f10x_rcc.o
    0x080015c8   0x0000001c   Code   RO         3204    i.RCC_PLLConfig     stm32f10x_rcc.o
    0x080015e4   0x00000018   Code   RO         3207    i.RCC_SYSCLKConfig  stm32f10x_rcc.o
    0x080015fc   0x00000038   Code   RO         3209    i.RCC_WaitForHSEStartUp  stm32f10x_rcc.o
    0x08001634   0x00000018   Code   RO          426    i.SPI1_IRQHandler   interrupt.o
    0x0800164c   0x00000018   Code   RO          427    i.SPI2_IRQHandler   interrupt.o
    0x08001664   0x00000018   Code   RO         3395    i.SPI_Cmd           stm32f10x_spi.o
    0x0800167c   0x00000006   Code   RO         3399    i.SPI_I2S_ClearFlag  stm32f10x_spi.o
    0x08001682   0x00000014   Code   RO         3400    i.SPI_I2S_ClearITPendingBit  stm32f10x_spi.o
    0x08001696   0x00000012   Code   RO         3401    i.SPI_I2S_DMACmd    stm32f10x_spi.o
    0x080016a8   0x00000012   Code   RO         3403    i.SPI_I2S_GetFlagStatus  stm32f10x_spi.o
    0x080016ba   0x00000034   Code   RO         3404    i.SPI_I2S_GetITStatus  stm32f10x_spi.o
    0x080016ee   0x00000020   Code   RO         3405    i.SPI_I2S_ITConfig  stm32f10x_spi.o
    0x0800170e   0x00000006   Code   RO         3406    i.SPI_I2S_ReceiveData  stm32f10x_spi.o
    0x08001714   0x00000004   Code   RO         3407    i.SPI_I2S_SendData  stm32f10x_spi.o
    0x08001718   0x0000003c   Code   RO         3408    i.SPI_Init          stm32f10x_spi.o
    0x08001754   0x00000008   Code   RO         4305    i.SetSysClock       system_stm32f10x.o
    0x0800175c   0x000000e0   Code   RO         4306    i.SetSysClockTo72   system_stm32f10x.o
    0x0800183c   0x00000020   Code   RO          555    i.SysTick_Handler   taskmanager.o
    0x0800185c   0x00000060   Code   RO         4308    i.SystemInit        system_stm32f10x.o
    0x080018bc   0x00000018   Code   RO         3562    i.TIM_Cmd           stm32f10x_tim.o
    0x080018d4   0x00000098   Code   RO         3591    i.TIM_OC1Init       stm32f10x_tim.o
    0x0800196c   0x00000012   Code   RO         3594    i.TIM_OC1PreloadConfig  stm32f10x_tim.o
    0x0800197e   0x00000002   PAD
    0x08001980   0x000000a4   Code   RO         3596    i.TIM_OC2Init       stm32f10x_tim.o
    0x08001a24   0x0000001a   Code   RO         3599    i.TIM_OC2PreloadConfig  stm32f10x_tim.o
    0x08001a3e   0x00000002   PAD
    0x08001a40   0x000000a0   Code   RO         3601    i.TIM_OC3Init       stm32f10x_tim.o
    0x08001ae0   0x00000012   Code   RO         3604    i.TIM_OC3PreloadConfig  stm32f10x_tim.o
    0x08001af2   0x00000002   PAD
    0x08001af4   0x0000007c   Code   RO         3606    i.TIM_OC4Init       stm32f10x_tim.o
    0x08001b70   0x0000001a   Code   RO         3608    i.TIM_OC4PreloadConfig  stm32f10x_tim.o
    0x08001b8a   0x00000002   PAD
    0x08001b8c   0x000000a4   Code   RO         3633    i.TIM_TimeBaseInit  stm32f10x_tim.o
    0x08001c30   0x00000018   Code   RO          428    i.USART1_IRQHandler  interrupt.o
    0x08001c48   0x00000018   Code   RO          429    i.USART2_IRQHandler  interrupt.o
    0x08001c60   0x00000018   Code   RO          430    i.USART3_IRQHandler  interrupt.o
    0x08001c78   0x0000001e   Code   RO         4107    i.USART_ClearITPendingBit  stm32f10x_usart.o
    0x08001c96   0x00000018   Code   RO         4110    i.USART_Cmd         stm32f10x_usart.o
    0x08001cae   0x00000012   Code   RO         4111    i.USART_DMACmd      stm32f10x_usart.o
    0x08001cc0   0x0000001a   Code   RO         4113    i.USART_GetFlagStatus  stm32f10x_usart.o
    0x08001cda   0x00000054   Code   RO         4114    i.USART_GetITStatus  stm32f10x_usart.o
    0x08001d2e   0x0000004a   Code   RO         4116    i.USART_ITConfig    stm32f10x_usart.o
    0x08001d78   0x000000d8   Code   RO         4117    i.USART_Init        stm32f10x_usart.o
    0x08001e50   0x0000000a   Code   RO         4124    i.USART_ReceiveData  stm32f10x_usart.o
    0x08001e5a   0x00000008   Code   RO         4127    i.USART_SendData    stm32f10x_usart.o
    0x08001e62   0x0000006a   Code   RO         2022    i._Z17RCC_Configurationv  main.o
    0x08001ecc   0x00000090   Code   RO          556    i._ZN11TaskManager4TimeEv  taskmanager.o
    0x08001f5c   0x00000036   Code   RO          557    i._ZN11TaskManager6DelaySEt  taskmanager.o
    0x08001f92   0x00000002   PAD
    0x08001f94   0x00000044   Code   RO          558    i._ZN11TaskManager7DelayMsEt  taskmanager.o
    0x08001fd8   0x0000003e   Code   RO          560    i._ZN11TaskManager9TimeSliceERdd  taskmanager.o
    0x08002016   0x00000002   PAD
    0x08002018   0x00000024   Code   RO          561    i._ZN11TaskManagerC1Ev  taskmanager.o
    0x0800203c   0x00000022   Code   RO         2246    i._ZN13Communication11CalibrationEPhih  communication.o
    0x0800205e   0x0000022c   Code   RO         2248    i._ZN13Communication13DataListeningEv  communication.o
    0x0800228a   0x00000020   Code   RO         2255    i._ZN13CommunicationC1ER8NRF24L01  communication.o
    0x080022aa   0x00000246   Code   RO         1843    i._ZN19AttitudeCalculation20NonlinearSO3AHRSinitEffffff  attitude.o
    0x080024f0   0x00000984   Code   RO         1844    i._ZN19AttitudeCalculation22NonlinearSO3AHRSupdateEffffffffffff  attitude.o
    0x08002e74   0x00000184   Code   RO         1846    i._ZN19AttitudeCalculation8GetAngleE7Vector3IiES0_IfEf  attitude.o
    0x08002ff8   0x000000de   Code   RO          212    i._ZN3I2C10AddCommandEhhPhhS0_hbP6Sensor  i2c.o
    0x080030d6   0x0000001a   Code   RO          213    i._ZN3I2C10Soft_ResetEv  i2c.o
    0x080030f0   0x0000005c   Code   RO          214    i._ZN3I2C11I2CGPIOInitEtt  i2c.o
    0x0800314c   0x0000000e   Code   RO          215    i._ZN3I2C12ClearCommandEv  i2c.o
    0x0800315a   0x00000002   PAD
    0x0800315c   0x00000018   Code   RO          216    i._ZN3I2C12GetI2CNumberEv  i2c.o
    0x08003174   0x00000034   Code   RO          217    i._ZN3I2C13I2CGPIODeInitEtt  i2c.o
    0x080031a8   0x000000aa   Code   RO          218    i._ZN3I2C13StartCMDQueueEv  i2c.o
    0x08003252   0x00000002   PAD
    0x08003254   0x000000c4   Code   RO          219    i._ZN3I2C18I2C_CHACK_BUSY_FIXEjtt  i2c.o
    0x08003318   0x00000098   Code   RO          220    i._ZN3I2C20WaitTransmitCompleteEbbb  i2c.o
    0x080033b0   0x00000228   Code   RO          221    i._ZN3I2C4InitEv    i2c.o
    0x080035d8   0x0000000e   Code   RO          224    i._ZN3I2C7DelayUsEj  i2c.o
    0x080035e6   0x00000002   PAD
    0x080035e8   0x0000006c   Code   RO          225    i._ZN3I2C8DmaRxIRQEv  i2c.o
    0x08003654   0x00000014   Code   RO          226    i._ZN3I2C8DmaTxIRQEv  i2c.o
    0x08003668   0x0000005c   Code   RO          227    i._ZN3I2C8ErrorIRQEv  i2c.o
    0x080036c4   0x00000458   Code   RO          228    i._ZN3I2C8EventIRQEv  i2c.o
    0x08003b1c   0x00000010   Code   RO          229    i._ZN3I2C8IsHealthEv  i2c.o
    0x08003b2c   0x00000024   Code   RO          230    i._ZN3I2C8IsSendOkEv  i2c.o
    0x08003b50   0x00000154   Code   RO          231    i._ZN3I2CC1Ehbjhhhhhhhh  i2c.o
    0x08003ca4   0x0000017c   Code   RO         1920    i._ZN3IMU10IMU_FilterEv  imu.o
    0x08003e20   0x0000000e   Code   RO         1922    i._ZN3IMU13GyroCalibrateEv  imu.o
    0x08003e2e   0x0000000c   Code   RO         1924    i._ZN3IMU16GyroIsCalibratedEv  imu.o
    0x08003e3a   0x00000002   PAD
    0x08003e3c   0x00000080   Code   RO         1926    i._ZN3IMU4initEv    imu.o
    0x08003ebc   0x000000e4   Code   RO         1927    i._ZN3IMU9UpdateIMUEv  imu.o
    0x08003fa0   0x0000007e   Code   RO         1928    i._ZN3IMUC1ER7mpu6050  imu.o
    0x0800401e   0x0000000e   Code   RO          914    i._ZN3LED2OnEv      led.o
    0x0800402c   0x00000010   Code   RO          920    i._ZN3LEDC1ER4GPIOb  led.o
    0x0800403c   0x00000390   Code   RO          105    i._ZN3PWM10InitializeEP11TIM_TypeDefbbbbth  f103_pwm.o
    0x080043cc   0x000000ac   Code   RO          106    i._ZN3PWM7SetDutyEffff  f103_pwm.o
    0x08004478   0x000000c0   Code   RO          107    i._ZN3PWM7SetDutyEhf  f103_pwm.o
    0x08004538   0x0000002c   Code   RO          108    i._ZN3PWMC1EP11TIM_TypeDefbbbbth  f103_pwm.o
    0x08004564   0x0000003c   Code   RO         1064    i._ZN3SPI17RCC_ConfigurationEv  spi.o
    0x080045a0   0x0000003c   Code   RO         1068    i._ZN3SPI6SPI_RWEh  spi.o
    0x080045dc   0x000000d0   Code   RO         1069    i._ZN3SPI6SpiIrqEv  spi.o
    0x080046ac   0x000000e8   Code   RO         1072    i._ZN3SPI8SendDataEPhj  spi.o
    0x08004794   0x0000002c   Code   RO         1073    i._ZN3SPI8SetSpeedEh  spi.o
    0x080047c0   0x00000012   Code   RO         1076    i._ZN3SPI9SetCSNPinEh  spi.o
    0x080047d2   0x00000002   PAD
    0x080047d4   0x000003b8   Code   RO         1077    i._ZN3SPIC1EP11SPI_TypeDefbhhhhh  spi.o
    0x08004b8c   0x00000034   Code   RO         1078    i._ZN3SPID1Ev       spi.o
    0x08004bc0   0x000000a0   Code   RO          151    i._ZN4GPIO17RCC_ConfigurationEv  gpio.o
    0x08004c60   0x00000020   Code   RO          153    i._ZN4GPIO8GetLevelEv  gpio.o
    0x08004c80   0x00000030   Code   RO          154    i._ZN4GPIO8SetLevelEh  gpio.o
    0x08004cb0   0x00000044   Code   RO          155    i._ZN4GPIOC1EP12GPIO_TypeDeft16GPIOMode_TypeDef17GPIOSpeed_TypeDef  gpio.o
    0x08004cf4   0x0000003a   Code   RO            6    i._ZN5Delay2UsEj    delay.o
    0x08004d2e   0x00000002   PAD
    0x08004d30   0x000000d8   Code   RO          722    i._ZN5USART3IrqEv   usart.o
    0x08004e08   0x00000088   Code   RO          723    i._ZN5USART6DmaIrqEv  usart.o
    0x08004e90   0x000000d8   Code   RO          728    i._ZN5USART8SendDataEPhj  usart.o
    0x08004f68   0x000003a4   Code   RO          729    i._ZN5USARTC1Ehjbhhhhhttt  usart.o
    0x0800530c   0x00000050   Code   RO          730    i._ZN5USARTD1Ev     usart.o
    0x0800535c   0x00000024   Code   RO          731    i._ZN5USARTlsEPKc   usart.o
    0x08005380   0x000000cc   Code   RO          733    i._ZN5USARTlsEd     usart.o
    0x0800544c   0x0000005e   Code   RO          734    i._ZN5USARTlsEi     usart.o
    0x080054aa   0x00000016   Code   RO         1450    i._ZN5flashC1Ejb    flash.o
    0x080054c0   0x0000002c   Code   RO          345    i._ZN6Sensor7UpdatedEv  i2c.o
    0x080054ec   0x00000378   Code   RO         2132    i._ZN7Control12CtrlAttiRateE7Vector3IfES1_tttt  control.o
    0x08005864   0x00000048   Code   RO         2138    i._ZN7ControlC1ER3PWMS1_  control.o
    0x080058ac   0x00000094   Code   RO         1689    i._ZN7mpu605010BypassModeEb  mpu6050.o
    0x08005940   0x0000006c   Code   RO         1691    i._ZN7mpu605012GetGyrDegreeEv  mpu6050.o
    0x080059ac   0x00000018   Code   RO         1693    i._ZN7mpu605017GetUpdateIntervalEv  mpu6050.o
    0x080059c4   0x00000008   Code   RO         1694    i._ZN7mpu605017IsGyroCalibratingEv  mpu6050.o
    0x080059cc   0x00000008   Code   RO         1696    i._ZN7mpu605018StartGyroCalibrateEv  mpu6050.o
    0x080059d4   0x0000012c   Code   RO         1699    i._ZN7mpu60504InitEb  mpu6050.o
    0x08005b00   0x0000006c   Code   RO         1701    i._ZN7mpu60506GetGyrEv  mpu6050.o
    0x08005b6c   0x000002c0   Code   RO         1702    i._ZN7mpu60506UpdateEbP7Vector3IiES2_  mpu6050.o
    0x08005e2c   0x00000046   Code   RO         1703    i._ZN7mpu60509GetAccRawEv  mpu6050.o
    0x08005e72   0x0000000e   Code   RO         1704    i._ZN7mpu60509GetGyrRawEv  mpu6050.o
    0x08005e80   0x00000036   Code   RO         1705    i._ZN7mpu60509GetHealthEv  mpu6050.o
    0x08005eb6   0x00000040   Code   RO         1706    i._ZN7mpu6050C1ER3I2Ct  mpu6050.o
    0x08005ef6   0x00000002   Code   RO         1707    i._ZN7mpu6050D1Ev   mpu6050.o
    0x08005ef8   0x00000010   Code   RO         1397    i._ZN8NRF24L0110NRF_CE_LOWEv  nrf24l01.o
    0x08005f08   0x00000012   Code   RO         1231    i._ZN8NRF24L0110SPI_NRF_RWEh  nrf24l01.o
    0x08005f1a   0x00000010   Code   RO         1409    i._ZN8NRF24L0111NRF_CE_HIGHEv  nrf24l01.o
    0x08005f2a   0x00000010   Code   RO         1403    i._ZN8NRF24L0111NRF_CSN_LOWEv  nrf24l01.o
    0x08005f3a   0x00000002   PAD
    0x08005f3c   0x0000007c   Code   RO         1232    i._ZN8NRF24L0111NRF_RX_ModeEv  nrf24l01.o
    0x08005fb8   0x0000003e   Code   RO         1233    i._ZN8NRF24L0111NRF_ReadBufEhPhh  nrf24l01.o
    0x08005ff6   0x00000028   Code   RO         1234    i._ZN8NRF24L0111NRF_ReadRegEh  nrf24l01.o
    0x0800601e   0x00000010   Code   RO         1391    i._ZN8NRF24L0112NRF_CSN_HIGHEv  nrf24l01.o
    0x0800602e   0x00000016   Code   RO         1236    i._ZN8NRF24L0112NRF_SendDataEPhj  nrf24l01.o
    0x08006044   0x00000032   Code   RO         1237    i._ZN8NRF24L0112NRF_WriteBufEhPhh  nrf24l01.o
    0x08006076   0x0000002e   Code   RO         1238    i._ZN8NRF24L0112NRF_WriteRegEhh  nrf24l01.o
    0x080060a4   0x00000028   Code   RO         1242    i._ZN8NRF24L0115GetReceivedDataEPht  nrf24l01.o
    0x080060cc   0x0000000e   Code   RO         1245    i._ZN8NRF24L0117ReceiveBufferSizeEv  nrf24l01.o
    0x080060da   0x0000000e   Code   RO         1246    i._ZN8NRF24L0118ClearReceiveBufferEv  nrf24l01.o
    0x080060e8   0x000000fc   Code   RO         1247    i._ZN8NRF24L016IRQIrqEv  nrf24l01.o
    0x080061e4   0x0000002c   Code   RO         1249    i._ZN8NRF24L018SetCEPinEP12GPIO_TypeDeft  nrf24l01.o
    0x08006210   0x00000064   Code   RO         1250    i._ZN8NRF24L019NRF_CheckEv  nrf24l01.o
    0x08006274   0x0000003a   Code   RO         1251    i._ZN8NRF24L019NRF_ResetEv  nrf24l01.o
    0x080062ae   0x0000007c   Code   RO         1252    i._ZN8NRF24L019SetIRQPinEP12GPIO_TypeDeft  nrf24l01.o
    0x0800632a   0x00000002   PAD
    0x0800632c   0x00000088   Code   RO         1253    i._ZN8NRF24L01C1ER3SPI  nrf24l01.o
    0x080063b4   0x0000000c   Code   RO         1882    i._ZSt4asinf        attitude.o
    0x080063c0   0x00000008   Code   RO         2197    i._ZSt4fabsf        control.o
    0x080063c8   0x0000000c   Code   RO         1876    i._ZSt4sqrtf        attitude.o
    0x080063d4   0x00000010   Code   RO         1870    i._ZSt5atan2ff      attitude.o
    0x080063e4   0x00000026   Code   RO         4482    i.__ARM_fpclassifyf  m_ws.l(fpclassifyf.o)
    0x0800640a   0x00000010   Code   RO         4348    i.__cxa_guard_acquire  cpprt_w.l(cxa_guard_acquire.o)
    0x0800641a   0x00000006   Code   RO         4485    i.__mathlib_flt_infnan  m_ws.l(funder.o)
    0x08006420   0x00000004   Code   RO         4486    i.__mathlib_flt_infnan2  m_ws.l(funder.o)
    0x08006424   0x00000008   Code   RO         4487    i.__mathlib_flt_invalid  m_ws.l(funder.o)
    0x0800642c   0x0000000a   Code   RO         4490    i.__mathlib_flt_underflow  m_ws.l(funder.o)
    0x08006436   0x00000002   PAD
    0x08006438   0x00000168   Code   RO         4499    i.__mathlib_rredf2  m_ws.l(rredf.o)
    0x080065a0   0x0000000e   Code   RO         4587    i.__scatterload_copy  mc_w.l(handlers.o)
    0x080065ae   0x00000002   Code   RO         4588    i.__scatterload_null  mc_w.l(handlers.o)
    0x080065b0   0x0000000e   Code   RO         4589    i.__scatterload_zeroinit  mc_w.l(handlers.o)
    0x080065be   0x00000002   PAD
    0x080065c0   0x0000000c   Code   RO         4552    i.__set_errno       mc_w.l(errno.o)
    0x080065cc   0x00000010   Code   RO          562    i.__sti___15_TaskManager_cpp_tskmgr  taskmanager.o
    0x080065dc   0x00000194   Code   RO         2023    i.__sti___8_main_cpp_iic  main.o
    0x08006770   0x00000124   Code   RO         4355    i.asinf             m_ws.l(asinf.o)
    0x08006894   0x0000025c   Code   RO         4371    i.atan2f            m_ws.l(atan2f.o)
    0x08006af0   0x0000017c   Code   RO         4379    i.cosf              m_ws.l(cosf.o)
    0x08006c6c   0x00000050   Code   RO         4522    i.free              mc_w.l(malloc.o)
    0x08006cbc   0x0000029c   Code   RO         2024    i.main              main.o
    0x08006f58   0x0000006c   Code   RO         4523    i.malloc            mc_w.l(malloc.o)
    0x08006fc4   0x00000188   Code   RO         4387    i.sinf              m_ws.l(sinf.o)
    0x0800714c   0x0000002c   Code   RO         4395    i.sqrtf             m_ws.l(sqrtf.o)
    0x08007178   0x0000004c   Code   RO          363    t._ZN10FIFOBufferI18I2C_Command_StructLt40EE3GetERS0_  i2c.o
    0x080071c4   0x00000050   Code   RO          357    t._ZN10FIFOBufferI18I2C_Command_StructLt40EE3PutERKS0_  i2c.o
    0x08007214   0x00000008   Code   RO          369    t._ZN10FIFOBufferI18I2C_Command_StructLt40EE4SizeEv  i2c.o
    0x0800721c   0x00000010   Code   RO          375    t._ZN10FIFOBufferI18I2C_Command_StructLt40EE5ClearEv  i2c.o
    0x0800722c   0x00000016   Code   RO          351    t._ZN10FIFOBufferI18I2C_Command_StructLt40EEC1Ev  i2c.o
    0x08007242   0x0000003e   Code   RO          871    t._ZN10FIFOBufferIhLt128EE3GetERh  usart.o
    0x08007280   0x00000044   Code   RO          865    t._ZN10FIFOBufferIhLt128EE3PutERKh  usart.o
    0x080072c4   0x0000004c   Code   RO          883    t._ZN10FIFOBufferIhLt128EE4GetsEPht  usart.o
    0x08007310   0x00000052   Code   RO          877    t._ZN10FIFOBufferIhLt128EE4PutsEPht  usart.o
    0x08007362   0x00000008   Code   RO          889    t._ZN10FIFOBufferIhLt128EE4SizeEv  usart.o
    0x0800736a   0x00000012   Code   RO          859    t._ZN10FIFOBufferIhLt128EEC1Ev  usart.o
    0x0800737c   0x0000003e   Code   RO         1194    t._ZN10FIFOBufferIhLt64EE3GetERh  spi.o
    0x080073ba   0x00000044   Code   RO         1188    t._ZN10FIFOBufferIhLt64EE3PutERKh  spi.o
    0x080073fe   0x0000004c   Code   RO         1206    t._ZN10FIFOBufferIhLt64EE4GetsEPht  spi.o
    0x0800744a   0x00000052   Code   RO         1200    t._ZN10FIFOBufferIhLt64EE4PutsEPht  spi.o
    0x0800749c   0x00000008   Code   RO         1212    t._ZN10FIFOBufferIhLt64EE4SizeEv  spi.o
    0x080074a4   0x0000000e   Code   RO         1218    t._ZN10FIFOBufferIhLt64EE5ClearEv  spi.o
    0x080074b2   0x00000012   Code   RO         1182    t._ZN10FIFOBufferIhLt64EEC1Ev  spi.o
    0x080074c4   0x0000000a   Code   RO         1823    t._ZN7Vector3IfEC1Ev  mpu6050.o
    0x080074ce   0x0000000a   Code   RO         1631    t._ZN7Vector3IiEC1Ev  hmc5883l.o
    0x080074d8   0x0000000e   Code   RO         1817    t._ZN7Vector3IiEaSERKS0_  mpu6050.o
    0x080074e6   0x00000020   Data   RO          162    .constdata          gpio.o
    0x08007506   0x00000002   PAD
    0x08007508   0x00000020   Data   RO         4500    .constdata          m_ws.l(rredf.o)
    0x08007528   0x00000020   Data   RO         4585    Region$$Table       anon$$obj.o
    0x08007548   0x00000004   Data   RO          572    .init_array         taskmanager.o
    0x0800754c   0x00000004   Data   RO         2030    .init_array         main.o
    0x08007550   0x00000000   Data   RO         4412    .init_array         mc_w.l(cpp_init.o)


    Execution Region RW_IRAM1 (Base: 0x20000000, Size: 0x00001100, Max: 0x00005000, ABSOLUTE)

    Base Addr    Size         Type   Attr      Idx    E Section Name        Object

    0x20000000   0x00000005   Data   RW          252    .data               i2c.o
    0x20000005   0x00000003   PAD
    0x20000008   0x00000020   Data   RW          446    .data               interrupt.o
    0x20000028   0x00000020   Data   RW          571    .data               taskmanager.o
    0x20000048   0x00000003   Data   RW          757    .data               usart.o
    0x2000004b   0x00000002   Data   RW         1097    .data               spi.o
    0x2000004d   0x0000000a   Data   RW         1279    .data               nrf24l01.o
    0x20000057   0x00000001   PAD
    0x20000058   0x0000001a   Data   RW         1728    .data               mpu6050.o
    0x20000072   0x00000002   PAD
    0x20000074   0x00000018   Data   RW         1939    .data               imu.o
    0x2000008c   0x00000018   Data   RW         2029    .data               main.o
    0x200000a4   0x00000014   Data   RW         3210    .data               stm32f10x_rcc.o
    0x200000b8   0x00000004   Data   RW         4553    .data               mc_w.l(errno.o)
    0x200000bc   0x00000004   Data   RW         4559    .data               mc_w.l(cpp_dtor.o)
    0x200000c0   0x00000004   Data   RW         4579    .data               mc_w.l(mvars.o)
    0x200000c4   0x00000004   Data   RW         4580    .data               mc_w.l(mvars.o)
    0x200000c8   0x00000020   Zero   RW         1278    .bss                nrf24l01.o
    0x200000e8   0x0000000c   Zero   RW         1727    .bss                mpu6050.o
    0x200000f4   0x00000060   Zero   RW         1938    .bss                imu.o
    0x20000154   0x00000004   PAD
    0x20000158   0x000009a8   Zero   RW         2028    .bss                main.o
    0x20000b00   0x00000200   Zero   RW         4296    HEAP                startup_stm32f10x_md.o
    0x20000d00   0x00000400   Zero   RW         4295    STACK               startup_stm32f10x_md.o


==============================================================================

Image component sizes


      Code (inc. data)   RO Data    RW Data    ZI Data      Debug   Object Name

      3446         24          0          0          0       8838   attitude.o
       622          0          0          0          0       4089   communication.o
       968         42          0          0          0       5911   control.o
        58          0          0          0          0     271076   delay.o
      1320         76          0          0          0       5020   f103_pwm.o
        22          0          0          0          0       1848   flash.o
       308         44         32          0          0       3564   gpio.o
        10          0          0          0          0       8772   hmc5883l.o
      3484         84          0          5          0      26440   i2c.o
       888        126          0         24         96      14232   imu.o
       384         92          0         32          0      11065   interrupt.o
        30          0          0          0          0       1828   led.o
      1178        270          4         24       2472      27030   main.o
       132         22          0          0          0     280915   misc.o
      1636         60          0         26         12      13532   mpu6050.o
      1208         28          0         10         32      15020   nrf24l01.o
      1954         70          0          2          0       9468   spi.o
        36          8        236          0       1536        812   startup_stm32f10x_md.o
       542         36          0          0          0       6570   stm32f10x_dma.o
       200         18          0          0          0       2288   stm32f10x_exti.o
       512         10          0          0          0       5396   stm32f10x_gpio.o
       422         14          0          0          0       7492   stm32f10x_i2c.o
       760        104          0         20          0      12267   stm32f10x_rcc.o
       240          0          0          0          0       7432   stm32f10x_spi.o
       876         92          0          0          0       7385   stm32f10x_tim.o
       490          6          0          0          0       7782   stm32f10x_usart.o
       328         28          0          0          0       2037   system_stm32f10x.o
       412         60          4         32          0       3943   taskmanager.o
      2228         92          0          3          0      10168   usart.o

    ----------------------------------------------------------------------
     24730       1406        310        184       4152     782220   Object Totals
         0          0         32          0          0          0   (incl. Generated)
        36          0          2          6          4          0   (incl. Padding)

    ----------------------------------------------------------------------

      Code (inc. data)   RO Data    RW Data    ZI Data      Debug   Library Member Name

        16          0          0          0          0         68   cxa_guard_acquire.o
       292         38          0          0          0        120   asinf.o
       604         76          0          0          0        116   atan2f.o
       380         52          0          0          0        124   cosf.o
        38          0          0          0          0         68   fpclassifyf.o
        28          0          0          0          0        272   funder.o
       360         16         32          0          0         88   rredf.o
       392         54          0          0          0        124   sinf.o
        44          0          0          0          0         80   sqrtf.o
        46          0          0          0          0         84   aeabi_atexit.o
         8          4          0          4          0         68   cpp_dtor.o
         2          0          0          0          0         68   cpp_final.o
        32         10          0          0          0         80   cpp_init.o
        66          0          0          0          0         84   cxa_finalize.o
         0          0          0          0          0          0   entry.o
         0          0          0          0          0          0   entry10a.o
         4          0          0          0          0          0   entry10b.o
         0          0          0          0          0          0   entry11a.o
         8          4          0          0          0          0   entry2.o
         4          0          0          0          0          0   entry5.o
         0          0          0          0          0          0   entry7b.o
         4          0          0          0          0          0   entry8a.o
         0          0          0          0          0          0   entry8b.o
         8          4          0          0          0          0   entry9a.o
        12          6          0          4          0         68   errno.o
        30          0          0          0          0          0   handlers.o
        36          8          0          0          0         68   init.o
         0          0          0          0          0          0   iusefp.o
        30          0          0          0          0         68   llshl.o
        36          0          0          0          0         68   llsshr.o
        32          0          0          0          0         68   llushr.o
       188         20          0          0          0        160   malloc.o
        36          0          0          0          0         68   memcpya.o
        36          0          0          0          0        108   memseta.o
         0          0          0          8          0          0   mvars.o
        48          0          0          0          0         68   cdcmple.o
        48          0          0          0          0         68   cdrcmple.o
        20          0          0          0          0         68   cfcmple.o
        20          0          0          0          0         68   cfrcmple.o
        56          0          0          0          0         88   d2f.o
       334          0          0          0          0        148   dadd.o
       222          0          0          0          0        100   ddiv.o
       186          0          0          0          0        176   depilogue.o
        62          0          0          0          0         80   dfixi.o
        50          0          0          0          0         76   dfixui.o
        34          0          0          0          0         76   dflti.o
        26          0          0          0          0         76   dfltui.o
       228          0          0          0          0         96   dmul.o
        38          0          0          0          0         68   f2d.o
       176          0          0          0          0        140   fadd.o
       124          0          0          0          0         88   fdiv.o
       110          0          0          0          0        168   fepilogue.o
        50          0          0          0          0         68   ffixi.o
        40          0          0          0          0         68   ffixui.o
        18          0          0          0          0         68   fflti.o
        10          0          0          0          0         68   ffltui.o
       100          0          0          0          0         76   fmul.o
        60          0          0          0          0         76   frnd.o
        24          0          0          0          0         68   fscalb.o
        94          0          0          0          0         96   fsqrt.o

    ----------------------------------------------------------------------
      4960        292         32         16          0       4360   Library Totals
        10          0          0          0          0          0   (incl. Padding)

    ----------------------------------------------------------------------

      Code (inc. data)   RO Data    RW Data    ZI Data      Debug   Library Name

        16          0          0          0          0         68   cpprt_w.l
      2138        236         32          0          0        992   m_ws.l
       618         56          0         16          0       1060   mc_w.l
      2178          0          0          0          0       2240   mf_w.l

    ----------------------------------------------------------------------
      4960        292         32         16          0       4360   Library Totals

    ----------------------------------------------------------------------

==============================================================================


      Code (inc. data)   RO Data    RW Data    ZI Data      Debug   

     29690       1698        342        200       4152     773056   Grand Totals
     29690       1698        342        200       4152     773056   ELF Image Totals
     29690       1698        342        200          0          0   ROM Totals

==============================================================================

    Total RO  Size (Code + RO Data)                30032 (  29.33kB)
    Total RW  Size (RW Data + ZI Data)              4352 (   4.25kB)
    Total ROM Size (Code + RO Data + RW Data)      30232 (  29.52kB)

==============================================================================

